Component: ARM Compiler 6.16 Tool: armlink [5dfeaa00]

==============================================================================

Section Cross References

    main.o(.text.main) refers to system_stm32f4xx.o(.text.SystemCoreClockUpdate) for SystemCoreClockUpdate
    main.o(.text.main) refers to rtx_kernel.o(.text.osKernelInitialize) for osKernelInitialize
    main.o(.text.main) refers to app_freq_bar.o(.text.main_app) for main_app
    main.o(.text.main) refers to rtx_thread.o(.text.osThreadNew) for osThreadNew
    main.o(.text.main) refers to rtx_kernel.o(.text.osKernelStart) for osKernelStart
    main.o(.ARM.exidx.text.main) refers to main.o(.text.main) for [Anonymous Symbol]
    oled.o(.text.LCD_UPDATE) refers to oled.o(.bss..L_MergedGlobals) for .L_MergedGlobals
    oled.o(.text.LCD_UPDATE) refers to i2c_stm32f4xx.o(.rodata.Driver_I2C1) for Driver_I2C1
    oled.o(.ARM.exidx.text.LCD_UPDATE) refers to oled.o(.text.LCD_UPDATE) for [Anonymous Symbol]
    app_freq_bar.o(.text.TIM4_IRQHandler) refers to app_freq_bar.o(.bss..L_MergedGlobals) for .L_MergedGlobals
    app_freq_bar.o(.ARM.exidx.text.TIM4_IRQHandler) refers to app_freq_bar.o(.text.TIM4_IRQHandler) for [Anonymous Symbol]
    app_freq_bar.o(.text.main_app) refers to app_freq_bar.o(.text.led) for led
    app_freq_bar.o(.text.main_app) refers to rtx_thread.o(.text.osThreadNew) for osThreadNew
    app_freq_bar.o(.text.main_app) refers to app_freq_bar.o(.text.main_app_sub) for main_app_sub
    app_freq_bar.o(.ARM.exidx.text.main_app) refers to app_freq_bar.o(.text.main_app) for [Anonymous Symbol]
    app_freq_bar.o(.text.led) refers to rtx_delay.o(.text.osDelay) for osDelay
    app_freq_bar.o(.ARM.exidx.text.led) refers to app_freq_bar.o(.text.led) for [Anonymous Symbol]
    app_freq_bar.o(.text.main_app_sub) refers to rtx_delay.o(.text.osDelay) for osDelay
    app_freq_bar.o(.text.main_app_sub) refers to app_freq_bar.o(.bss.lcd_buffer) for lcd_buffer
    app_freq_bar.o(.text.main_app_sub) refers to app_freq_bar.o(.bss..L_MergedGlobals) for .L_MergedGlobals
    app_freq_bar.o(.text.main_app_sub) refers to oled.o(.text.LCD_UPDATE) for LCD_UPDATE
    app_freq_bar.o(.text.main_app_sub) refers to app_freq_bar.o(.bss.val_data_fl) for val_data_fl
    app_freq_bar.o(.text.main_app_sub) refers to app_freq_bar.o(.bss.x_data) for x_data
    app_freq_bar.o(.text.main_app_sub) refers to app_freq_bar.o(.bss.X_data) for X_data
    app_freq_bar.o(.text.main_app_sub) refers to app_freq_bar.o(.bss.data) for data
    app_freq_bar.o(.text.main_app_sub) refers to commontables.o(.rodata.arm_cfft_sR_f32_len1024) for arm_cfft_sR_f32_len1024
    app_freq_bar.o(.text.main_app_sub) refers to transformfunctions.o(.text.arm_cfft_f32) for arm_cfft_f32
    app_freq_bar.o(.text.main_app_sub) refers to complexmathfunctions.o(.text.arm_cmplx_mag_f32) for arm_cmplx_mag_f32
    app_freq_bar.o(.text.main_app_sub) refers to statisticsfunctions.o(.text.arm_max_f32) for arm_max_f32
    app_freq_bar.o(.text.main_app_sub) refers to app_freq_bar.o(.text.set_pixel_ram) for set_pixel_ram
    app_freq_bar.o(.text.main_app_sub) refers to app_freq_bar.o(.text.clr_pixel_ram) for clr_pixel_ram
    app_freq_bar.o(.ARM.exidx.text.main_app_sub) refers to app_freq_bar.o(.text.main_app_sub) for [Anonymous Symbol]
    app_freq_bar.o(.text.set_pixel_ram) refers to app_freq_bar.o(.bss..L_MergedGlobals) for .L_MergedGlobals
    app_freq_bar.o(.ARM.exidx.text.set_pixel_ram) refers to app_freq_bar.o(.text.set_pixel_ram) for [Anonymous Symbol]
    app_freq_bar.o(.text.clr_pixel_ram) refers to app_freq_bar.o(.bss..L_MergedGlobals) for .L_MergedGlobals
    app_freq_bar.o(.ARM.exidx.text.clr_pixel_ram) refers to app_freq_bar.o(.text.clr_pixel_ram) for [Anonymous Symbol]
    basicmathfunctions.o(.ARM.exidx.text.arm_abs_f32) refers to basicmathfunctions.o(.text.arm_abs_f32) for [Anonymous Symbol]
    basicmathfunctions.o(.ARM.exidx.text.arm_abs_f64) refers to basicmathfunctions.o(.text.arm_abs_f64) for [Anonymous Symbol]
    basicmathfunctions.o(.ARM.exidx.text.arm_abs_q15) refers to basicmathfunctions.o(.text.arm_abs_q15) for [Anonymous Symbol]
    basicmathfunctions.o(.ARM.exidx.text.arm_abs_q31) refers to basicmathfunctions.o(.text.arm_abs_q31) for [Anonymous Symbol]
    basicmathfunctions.o(.ARM.exidx.text.arm_abs_q7) refers to basicmathfunctions.o(.text.arm_abs_q7) for [Anonymous Symbol]
    basicmathfunctions.o(.ARM.exidx.text.arm_add_f32) refers to basicmathfunctions.o(.text.arm_add_f32) for [Anonymous Symbol]
    basicmathfunctions.o(.text.arm_add_f64) refers to daddsub_clz.o(x$fpl$dadd) for __aeabi_dadd
    basicmathfunctions.o(.ARM.exidx.text.arm_add_f64) refers to basicmathfunctions.o(.text.arm_add_f64) for [Anonymous Symbol]
    basicmathfunctions.o(.ARM.exidx.text.arm_add_q15) refers to basicmathfunctions.o(.text.arm_add_q15) for [Anonymous Symbol]
[...]
    [Anonymous Symbol]                       0x08001a68   Section        0  i2c_stm32f4xx.o(.text.I2C1_SlaveTransmit)
    I2C1_Uninitialize                        0x08001ac1   Thumb Code    48  i2c_stm32f4xx.o(.text.I2C1_Uninitialize)
    [Anonymous Symbol]                       0x08001ac0   Section        0  i2c_stm32f4xx.o(.text.I2C1_Uninitialize)
    I2CX_GetCapabilities                     0x08001af1   Thumb Code     4  i2c_stm32f4xx.o(.text.I2CX_GetCapabilities)
    [Anonymous Symbol]                       0x08001af0   Section        0  i2c_stm32f4xx.o(.text.I2CX_GetCapabilities)
    I2CX_GetVersion                          0x08001af5   Thumb Code    10  i2c_stm32f4xx.o(.text.I2CX_GetVersion)
    [Anonymous Symbol]                       0x08001af4   Section        0  i2c_stm32f4xx.o(.text.I2CX_GetVersion)
    [Anonymous Symbol]                       0x08001b00   Section        0  oled.o(.text.LCD_UPDATE)
    MessageQueueGet                          0x08001d61   Thumb Code    64  rtx_msgqueue.o(.text.MessageQueueGet)
    [Anonymous Symbol]                       0x08001d60   Section        0  rtx_msgqueue.o(.text.MessageQueueGet)
    MessageQueuePut                          0x08001da1   Thumb Code    88  rtx_msgqueue.o(.text.MessageQueuePut)
    [Anonymous Symbol]                       0x08001da0   Section        0  rtx_msgqueue.o(.text.MessageQueuePut)
    MessageQueueRemove                       0x08001df9   Thumb Code    28  rtx_msgqueue.o(.text.MessageQueueRemove)
    [Anonymous Symbol]                       0x08001df8   Section        0  rtx_msgqueue.o(.text.MessageQueueRemove)
    [Anonymous Symbol]                       0x08001e14   Section        0  os_systick.o(.text.OS_Tick_AcknowledgeIRQ)
    [Anonymous Symbol]                       0x08001e1c   Section        0  os_systick.o(.text.OS_Tick_Enable)
    __arm_cp.1_1                             0x08001e3c   Number         4  os_systick.o(.text.OS_Tick_Enable)
    [Anonymous Symbol]                       0x08001e40   Section        0  os_systick.o(.text.OS_Tick_GetIRQn)
    [Anonymous Symbol]                       0x08001e48   Section        0  os_systick.o(.text.OS_Tick_Setup)
    __arm_cp.0_0                             0x08001e78   Number         4  os_systick.o(.text.OS_Tick_Setup)
    __arm_cp.0_1                             0x08001e7c   Number         4  os_systick.o(.text.OS_Tick_Setup)
    __arm_cp.0_2                             0x08001e80   Number         4  os_systick.o(.text.OS_Tick_Setup)
    __arm_cp.0_3                             0x08001e84   Number         4  os_systick.o(.text.OS_Tick_Setup)
    OUTLINED_FUNCTION_0                      0x08001e89   Thumb Code    12  rtx_kernel.o(.text.OUTLINED_FUNCTION_0)
    [Anonymous Symbol]                       0x08001e88   Section        0  rtx_kernel.o(.text.OUTLINED_FUNCTION_0)
    OUTLINED_FUNCTION_0                      0x08001e95   Thumb Code    12  rtx_msgqueue.o(.text.OUTLINED_FUNCTION_0)
    [Anonymous Symbol]                       0x08001e94   Section        0  rtx_msgqueue.o(.text.OUTLINED_FUNCTION_0)
    OUTLINED_FUNCTION_1                      0x08001ea1   Thumb Code     6  rtx_kernel.o(.text.OUTLINED_FUNCTION_1)
    [Anonymous Symbol]                       0x08001ea0   Section        0  rtx_kernel.o(.text.OUTLINED_FUNCTION_1)
    OUTLINED_FUNCTION_1                      0x08001ea7   Thumb Code     6  rtx_msgqueue.o(.text.OUTLINED_FUNCTION_1)
    [Anonymous Symbol]                       0x08001ea6   Section        0  rtx_msgqueue.o(.text.OUTLINED_FUNCTION_1)
    [Anonymous Symbol]                       0x08001eac   Section        0  spi_stm32f4xx.o(.text.SPI1_IRQHandler)
    [Anonymous Symbol]                       0x08002010   Section        0  system_stm32f4xx.o(.text.SystemCoreClockUpdate)
    [Anonymous Symbol]                       0x0800208c   Section        0  system_stm32f4xx.o(.text.SystemInit)
    [Anonymous Symbol]                       0x080020a0   Section        0  app_freq_bar.o(.text.TIM4_IRQHandler)
    ThreadFlagsCheck                         0x08002101   Thumb Code   100  rtx_thread.o(.text.ThreadFlagsCheck)
    [Anonymous Symbol]                       0x08002100   Section        0  rtx_thread.o(.text.ThreadFlagsCheck)
    TimerInsert                              0x08002165   Thumb Code    68  rtx_timer.o(.text.TimerInsert)
    [Anonymous Symbol]                       0x08002164   Section        0  rtx_timer.o(.text.TimerInsert)
    __arm_cp.9_0                             0x080021a8   Number         4  rtx_timer.o(.text.TimerInsert)
    __tagsym$$used.1                         0x080021ac   Number         0  rtx_lib.o(.text._mutex_acquire)
    [Anonymous Symbol]                       0x080021ac   Section        0  rtx_lib.o(.text._mutex_acquire)
    __tagsym$$used.3                         0x080021e4   Number         0  rtx_lib.o(.text._mutex_free)
    [Anonymous Symbol]                       0x080021e4   Section        0  rtx_lib.o(.text._mutex_free)
    __tagsym$$used.0                         0x080021ec   Number         0  rtx_lib.o(.text._mutex_initialize)
    [Anonymous Symbol]                       0x080021ec   Section        0  rtx_lib.o(.text._mutex_initialize)
    __tagsym$$used.2                         0x0800220c   Number         0  rtx_lib.o(.text._mutex_release)
    [Anonymous Symbol]                       0x0800220c   Section        0  rtx_lib.o(.text._mutex_release)
    [Anonymous Symbol]                       0x08002240   Section        0  rtx_lib.o(.text._platform_post_stackheap_init)
    [Anonymous Symbol]                       0x08002244   Section        0  transformfunctions.o(.text.arm_cfft_f32)
    [Anonymous Symbol]                       0x080025a8   Section        0  transformfunctions.o(.text.arm_cfft_radix8by2_f32)
    [Anonymous Symbol]                       0x08002758   Section        0  transformfunctions.o(.text.arm_cfft_radix8by4_f32)
    [Anonymous Symbol]                       0x08002c14   Section        0  complexmathfunctions.o(.text.arm_cmplx_mag_f32)
    [Anonymous Symbol]                       0x08002d28   Section        0  statisticsfunctions.o(.text.arm_max_f32)
    [Anonymous Symbol]                       0x08002e2c   Section        0  transformfunctions.o(.text.arm_radix8_butterfly_f32)
    __arm_cp.7_1                             0x08002e50   Number         4  transformfunctions.o(.text.arm_radix8_butterfly_f32)
    clr_pixel_ram                            0x080033e1   Thumb Code   120  app_freq_bar.o(.text.clr_pixel_ram)
    [Anonymous Symbol]                       0x080033e0   Section        0  app_freq_bar.o(.text.clr_pixel_ram)
    led                                      0x08003459   Thumb Code    82  app_freq_bar.o(.text.led)
    [Anonymous Symbol]                       0x08003458   Section        0  app_freq_bar.o(.text.led)
    [Anonymous Symbol]                       0x080034ac   Section        0  main.o(.text.main)
    [Anonymous Symbol]                       0x080035c0   Section        0  app_freq_bar.o(.text.main_app)
    main_app_sub                             0x080035d5   Thumb Code  2104  app_freq_bar.o(.text.main_app_sub)
    [Anonymous Symbol]                       0x080035d4   Section        0  app_freq_bar.o(.text.main_app_sub)
    __arm_cp.3_2                             0x08003818   Number         4  app_freq_bar.o(.text.main_app_sub)
    __arm_cp.3_3                             0x0800381c   Number         4  app_freq_bar.o(.text.main_app_sub)
    [Anonymous Symbol]                       0x08003e0c   Section        0  rtx_delay.o(.text.osDelay)
    __arm_cp.0_0                             0x08003e2c   Number         4  rtx_delay.o(.text.osDelay)
    [Anonymous Symbol]                       0x08003e30   Section        0  rtx_kernel.o(.text.osKernelGetState)
    __arm_cp.5_0                             0x08003e58   Number         4  rtx_kernel.o(.text.osKernelGetState)
    __arm_cp.5_1                             0x08003e5c   Number         4  rtx_kernel.o(.text.osKernelGetState)
    [Anonymous Symbol]                       0x08003e60   Section        0  rtx_kernel.o(.text.osKernelInitialize)
    __arm_cp.2_0                             0x08003e88   Number         4  rtx_kernel.o(.text.osKernelInitialize)
    [Anonymous Symbol]                       0x08003e8c   Section        0  rtx_kernel.o(.text.osKernelStart)
    __arm_cp.7_0                             0x08003eac   Number         4  rtx_kernel.o(.text.osKernelStart)
    [Anonymous Symbol]                       0x08003eb0   Section        0  rtx_msgqueue.o(.text.osMessageQueueGet)
    __arm_cp.5_0                             0x08003f1c   Number         4  rtx_msgqueue.o(.text.osMessageQueueGet)
    [Anonymous Symbol]                       0x08003f20   Section        0  rtx_msgqueue.o(.text.osMessageQueuePut)
    __arm_cp.4_0                             0x08003f9c   Number         4  rtx_msgqueue.o(.text.osMessageQueuePut)
    [Anonymous Symbol]                       0x08003fa0   Section        0  rtx_mutex.o(.text.osMutexAcquire)
    __arm_cp.4_0                             0x08003fc0   Number         4  rtx_mutex.o(.text.osMutexAcquire)
    [Anonymous Symbol]                       0x08003fc4   Section        0  rtx_mutex.o(.text.osMutexDelete)
    __arm_cp.7_0                             0x08003fe4   Number         4  rtx_mutex.o(.text.osMutexDelete)
    [Anonymous Symbol]                       0x08003fe8   Section        0  rtx_mutex.o(.text.osMutexNew)
    __arm_cp.2_0                             0x08004008   Number         4  rtx_mutex.o(.text.osMutexNew)
    [Anonymous Symbol]                       0x0800400c   Section        0  rtx_mutex.o(.text.osMutexRelease)
    __arm_cp.5_0                             0x0800402c   Number         4  rtx_mutex.o(.text.osMutexRelease)
    [Anonymous Symbol]                       0x08004030   Section        0  rtx_config.o(.text.osRtxErrorNotify)
    [Anonymous Symbol]                       0x08004034   Section        0  rtx_config.o(.text.osRtxIdleThread)
    [Anonymous Symbol]                       0x08004036   Section        0  rtx_kernel.o(.text.osRtxKernelErrorNotify)
    [Anonymous Symbol]                       0x0800403a   Section        0  rtx_kernel.o(.text.osRtxKernelPreInit)
    [Anonymous Symbol]                       0x0800403c   Section        0  rtx_memory.o(.text.osRtxMemoryAlloc)
    [Anonymous Symbol]                       0x080040a8   Section        0  rtx_memory.o(.text.osRtxMemoryFree)
    [Anonymous Symbol]                       0x080040ea   Section        0  rtx_memory.o(.text.osRtxMemoryInit)
    [Anonymous Symbol]                       0x08004120   Section        0  rtx_mempool.o(.text.osRtxMemoryPoolAlloc)
    [Anonymous Symbol]                       0x0800415a   Section        0  rtx_mempool.o(.text.osRtxMemoryPoolFree)
    [Anonymous Symbol]                       0x080041a4   Section        0  rtx_mempool.o(.text.osRtxMemoryPoolInit)
    osRtxMessageQueuePostProcess             0x080041dd   Thumb Code   170  rtx_msgqueue.o(.text.osRtxMessageQueuePostProcess)
    [Anonymous Symbol]                       0x080041dc   Section        0  rtx_msgqueue.o(.text.osRtxMessageQueuePostProcess)
    [Anonymous Symbol]                       0x08004288   Section        0  rtx_msgqueue.o(.text.osRtxMessageQueueTimerSetup)
    __arm_cp.0_0                             0x080042a8   Number         4  rtx_msgqueue.o(.text.osRtxMessageQueueTimerSetup)
    [Anonymous Symbol]                       0x080042ac   Section        0  rtx_mutex.o(.text.osRtxMutexOwnerRelease)
    [Anonymous Symbol]                       0x080042f4   Section        0  rtx_mutex.o(.text.osRtxMutexOwnerRestore)
    [Anonymous Symbol]                       0x0800433c   Section        0  rtx_system.o(.text.osRtxPendSV_Handler)
    [Anonymous Symbol]                       0x080043c4   Section        0  rtx_system.o(.text.osRtxPostProcess)
    __arm_cp.2_1                             0x08004430   Number         4  rtx_system.o(.text.osRtxPostProcess)
    osRtxThreadBlock                         0x08004435   Thumb Code    52  rtx_thread.o(.text.osRtxThreadBlock)
    [Anonymous Symbol]                       0x08004434   Section        0  rtx_thread.o(.text.osRtxThreadBlock)
    osRtxThreadDelayInsert                   0x08004469   Thumb Code   124  rtx_thread.o(.text.osRtxThreadDelayInsert)
    [Anonymous Symbol]                       0x08004468   Section        0  rtx_thread.o(.text.osRtxThreadDelayInsert)
    osRtxThreadDelayRemove                   0x080044e5   Thumb Code    60  rtx_thread.o(.text.osRtxThreadDelayRemove)
    [Anonymous Symbol]                       0x080044e4   Section        0  rtx_thread.o(.text.osRtxThreadDelayRemove)
    [Anonymous Symbol]                       0x08004520   Section        0  rtx_thread.o(.text.osRtxThreadDelayTick)
    osRtxThreadDestroy                       0x08004571   Thumb Code    32  rtx_thread.o(.text.osRtxThreadDestroy)
    [Anonymous Symbol]                       0x08004570   Section        0  rtx_thread.o(.text.osRtxThreadDestroy)
    [Anonymous Symbol]                       0x08004590   Section        0  rtx_thread.o(.text.osRtxThreadDispatch)
    osRtxThreadFree                          0x080045e1   Thumb Code    84  rtx_thread.o(.text.osRtxThreadFree)
    [Anonymous Symbol]                       0x080045e0   Section        0  rtx_thread.o(.text.osRtxThreadFree)
    __arm_cp.51_0                            0x08004634   Number         4  rtx_thread.o(.text.osRtxThreadFree)
    osRtxThreadJoinWakeup                    0x08004639   Thumb Code    30  rtx_thread.o(.text.osRtxThreadJoinWakeup)
    [Anonymous Symbol]                       0x08004638   Section        0  rtx_thread.o(.text.osRtxThreadJoinWakeup)
    [Anonymous Symbol]                       0x08004656   Section        0  rtx_thread.o(.text.osRtxThreadListGet)
    [Anonymous Symbol]                       0x08004668   Section        0  rtx_thread.o(.text.osRtxThreadListPut)
    [Anonymous Symbol]                       0x08004694   Section        0  rtx_thread.o(.text.osRtxThreadListRemove)
    [Anonymous Symbol]                       0x080046a8   Section        0  rtx_thread.o(.text.osRtxThreadListSort)
    osRtxThreadPostProcess                   0x080046cf   Thumb Code    40  rtx_thread.o(.text.osRtxThreadPostProcess)
    [Anonymous Symbol]                       0x080046ce   Section        0  rtx_thread.o(.text.osRtxThreadPostProcess)
    [Anonymous Symbol]                       0x080046f8   Section        0  rtx_thread.o(.text.osRtxThreadReadyPut)
    __arm_cp.4_0                             0x08004708   Number         4  rtx_thread.o(.text.osRtxThreadReadyPut)
    [Anonymous Symbol]                       0x0800470c   Section        0  rtx_thread.o(.text.osRtxThreadRegPtr)
    [Anonymous Symbol]                       0x08004720   Section        0  rtx_thread.o(.text.osRtxThreadStartup)
    __arm_cp.14_1                            0x08004750   Number         4  rtx_thread.o(.text.osRtxThreadStartup)
    [Anonymous Symbol]                       0x08004754   Section        0  rtx_thread.o(.text.osRtxThreadSwitch)
    [Anonymous Symbol]                       0x08004760   Section        0  rtx_thread.o(.text.osRtxThreadWaitEnter)
    __arm_cp.12_0                            0x08004798   Number         4  rtx_thread.o(.text.osRtxThreadWaitEnter)
    [Anonymous Symbol]                       0x0800479c   Section        0  rtx_thread.o(.text.osRtxThreadWaitExit)
    [Anonymous Symbol]                       0x080047cc   Section        0  rtx_system.o(.text.osRtxTick_Handler)
    __arm_cp.0_0                             0x08004840   Number         4  rtx_system.o(.text.osRtxTick_Handler)
    [Anonymous Symbol]                       0x08004844   Section        0  rtx_timer.o(.text.osRtxTimerSetup)
    __arm_cp.0_0                             0x0800485c   Number         4  rtx_timer.o(.text.osRtxTimerSetup)
    __arm_cp.0_1                             0x08004860   Number         4  rtx_timer.o(.text.osRtxTimerSetup)
    [Anonymous Symbol]                       0x08004864   Section        0  rtx_timer.o(.text.osRtxTimerThread)
    osRtxTimerTick                           0x08004885   Thumb Code   108  rtx_timer.o(.text.osRtxTimerTick)
    [Anonymous Symbol]                       0x08004884   Section        0  rtx_timer.o(.text.osRtxTimerTick)
    __arm_cp.1_0                             0x080048f0   Number         4  rtx_timer.o(.text.osRtxTimerTick)
    [Anonymous Symbol]                       0x080048f4   Section        0  rtx_thread.o(.text.osThreadExit)
    __arm_cp.30_0                            0x080048fc   Number         4  rtx_thread.o(.text.osThreadExit)
    [Anonymous Symbol]                       0x08004900   Section        0  rtx_thread.o(.text.osThreadNew)
    __arm_cp.16_0                            0x08004920   Number         4  rtx_thread.o(.text.osThreadNew)
    set_pixel_ram                            0x08004925   Thumb Code   124  app_freq_bar.o(.text.set_pixel_ram)
    [Anonymous Symbol]                       0x08004924   Section        0  app_freq_bar.o(.text.set_pixel_ram)
    svcRtxDelay                              0x080049a1   Thumb Code    22  rtx_delay.o(.text.svcRtxDelay)
    [Anonymous Symbol]                       0x080049a0   Section        0  rtx_delay.o(.text.svcRtxDelay)
    svcRtxKernelGetState                     0x080049b9   Thumb Code     8  rtx_kernel.o(.text.svcRtxKernelGetState)
    [Anonymous Symbol]                       0x080049b8   Section        0  rtx_kernel.o(.text.svcRtxKernelGetState)
    __arm_cp.6_0                             0x080049c0   Number         4  rtx_kernel.o(.text.svcRtxKernelGetState)
    svcRtxKernelInitialize                   0x080049c5   Thumb Code   244  rtx_kernel.o(.text.svcRtxKernelInitialize)
    [Anonymous Symbol]                       0x080049c4   Section        0  rtx_kernel.o(.text.svcRtxKernelInitialize)
    __arm_cp.21_0                            0x08004ab8   Number         4  rtx_kernel.o(.text.svcRtxKernelInitialize)
    __arm_cp.21_1                            0x08004abc   Number         4  rtx_kernel.o(.text.svcRtxKernelInitialize)
    __arm_cp.21_2                            0x08004ac0   Number         4  rtx_kernel.o(.text.svcRtxKernelInitialize)
    svcRtxKernelStart                        0x08004ac5   Thumb Code   124  rtx_kernel.o(.text.svcRtxKernelStart)
    [Anonymous Symbol]                       0x08004ac4   Section        0  rtx_kernel.o(.text.svcRtxKernelStart)
    __arm_cp.22_0                            0x08004b40   Number         4  rtx_kernel.o(.text.svcRtxKernelStart)
    __arm_cp.22_1                            0x08004b44   Number         4  rtx_kernel.o(.text.svcRtxKernelStart)
    __arm_cp.22_2                            0x08004b48   Number         4  rtx_kernel.o(.text.svcRtxKernelStart)
    __arm_cp.22_3                            0x08004b4c   Number         4  rtx_kernel.o(.text.svcRtxKernelStart)
    svcRtxMessageQueueGet                    0x08004b51   Thumb Code   200  rtx_msgqueue.o(.text.svcRtxMessageQueueGet)
    [Anonymous Symbol]                       0x08004b50   Section        0  rtx_msgqueue.o(.text.svcRtxMessageQueueGet)
    __arm_cp.22_0                            0x08004c18   Number         4  rtx_msgqueue.o(.text.svcRtxMessageQueueGet)
    svcRtxMessageQueueNew                    0x08004c1d   Thumb Code   272  rtx_msgqueue.o(.text.svcRtxMessageQueueNew)
    [Anonymous Symbol]                       0x08004c1c   Section        0  rtx_msgqueue.o(.text.svcRtxMessageQueueNew)
    __arm_cp.1_0                             0x08004d2c   Number         4  rtx_msgqueue.o(.text.svcRtxMessageQueueNew)
    __arm_cp.1_1                             0x08004d30   Number         4  rtx_msgqueue.o(.text.svcRtxMessageQueueNew)
    svcRtxMessageQueuePut                    0x08004d35   Thumb Code   168  rtx_msgqueue.o(.text.svcRtxMessageQueuePut)
    [Anonymous Symbol]                       0x08004d34   Section        0  rtx_msgqueue.o(.text.svcRtxMessageQueuePut)
    svcRtxMutexAcquire                       0x08004ddd   Thumb Code   140  rtx_mutex.o(.text.svcRtxMutexAcquire)
    [Anonymous Symbol]                       0x08004ddc   Section        0  rtx_mutex.o(.text.svcRtxMutexAcquire)
    __arm_cp.10_0                            0x08004e68   Number         4  rtx_mutex.o(.text.svcRtxMutexAcquire)
    svcRtxMutexDelete                        0x08004e6d   Thumb Code   172  rtx_mutex.o(.text.svcRtxMutexDelete)
    [Anonymous Symbol]                       0x08004e6c   Section        0  rtx_mutex.o(.text.svcRtxMutexDelete)
    svcRtxMutexNew                           0x08004f19   Thumb Code   100  rtx_mutex.o(.text.svcRtxMutexNew)
    [Anonymous Symbol]                       0x08004f18   Section        0  rtx_mutex.o(.text.svcRtxMutexNew)
    __arm_cp.8_0                             0x08004f7c   Number         4  rtx_mutex.o(.text.svcRtxMutexNew)
    svcRtxMutexRelease                       0x08004f81   Thumb Code   176  rtx_mutex.o(.text.svcRtxMutexRelease)
    [Anonymous Symbol]                       0x08004f80   Section        0  rtx_mutex.o(.text.svcRtxMutexRelease)
    __arm_cp.11_0                            0x08005030   Number         4  rtx_mutex.o(.text.svcRtxMutexRelease)
    svcRtxThreadExit                         0x08005035   Thumb Code    72  rtx_thread.o(.text.svcRtxThreadExit)
    [Anonymous Symbol]                       0x08005034   Section        0  rtx_thread.o(.text.svcRtxThreadExit)
    __arm_cp.53_0                            0x0800507c   Number         4  rtx_thread.o(.text.svcRtxThreadExit)
    svcRtxThreadNew                          0x08005081   Thumb Code   472  rtx_thread.o(.text.svcRtxThreadNew)
    [Anonymous Symbol]                       0x08005080   Section        0  rtx_thread.o(.text.svcRtxThreadNew)
    __arm_cp.15_0                            0x08005258   Number         4  rtx_thread.o(.text.svcRtxThreadNew)
    __arm_cp.15_1                            0x0800525c   Number         4  rtx_thread.o(.text.svcRtxThreadNew)
    __arm_cp.15_2                            0x08005260   Number         4  rtx_thread.o(.text.svcRtxThreadNew)
    __arm_cp.15_3                            0x08005264   Number         4  rtx_thread.o(.text.svcRtxThreadNew)
    __arm_cp.15_4                            0x08005268   Number         4  rtx_thread.o(.text.svcRtxThreadNew)
    $v0                                      0x0800526c   Number         0  fpinit.o(x$fpl$fpinit)
    x$fpl$fpinit                             0x0800526c   Section       26  fpinit.o(x$fpl$fpinit)
    __tagsym$$used.4                         0x08005288   Number         0  rtx_lib.o(.rodata)
    __tagsym$$used.5                         0x080052f8   Number         0  rtx_lib.o(.rodata)
    os_idle_thread_attr                      0x0800619c   Data          36  rtx_lib.o(.rodata.os_idle_thread_attr)
    [Anonymous Symbol]                       0x0800619c   Section        0  rtx_lib.o(.rodata.os_idle_thread_attr)
    os_timer_mq_attr                         0x080061c0   Data          24  rtx_lib.o(.rodata.os_timer_mq_attr)
    [Anonymous Symbol]                       0x080061c0   Section        0  rtx_lib.o(.rodata.os_timer_mq_attr)
    os_timer_thread_attr                     0x080061d8   Data          36  rtx_lib.o(.rodata.os_timer_thread_attr)
    [Anonymous Symbol]                       0x080061d8   Section        0  rtx_lib.o(.rodata.os_timer_thread_attr)
    [Anonymous Symbol]                       0x080061fc   Section        0  rtx_kernel.o(.rodata.str1.4)
    .L_MergedGlobals                         0x20000000   Data           8  stm32f4xx_hal.o(.data..L_MergedGlobals)
    [Anonymous Symbol]                       0x20000000   Section        0  stm32f4xx_hal.o(.data..L_MergedGlobals)
    .bss                                     0x200000b0   Section       96  libspace.o(.bss)
    .L_MergedGlobals                         0x20000110   Data          17  oled.o(.bss..L_MergedGlobals)
    isInited                                 0x20000110   Data           1  oled.o(.bss..L_MergedGlobals)
    [Anonymous Symbol]                       0x20000110   Section        0  oled.o(.bss..L_MergedGlobals)
    Lcd_ram                                  0x20000111   Data          16  oled.o(.bss..L_MergedGlobals)
    .L_MergedGlobals                         0x20000124   Data          80  app_freq_bar.o(.bss..L_MergedGlobals)
    adc_sample_req_cnt                       0x20000124   Data           1  app_freq_bar.o(.bss..L_MergedGlobals)
    [Anonymous Symbol]                       0x20000124   Section        0  app_freq_bar.o(.bss..L_MergedGlobals)
    adc_buffer                               0x20000128   Data           4  app_freq_bar.o(.bss..L_MergedGlobals)
    adc_sample_done_cnt                      0x2000012c   Data           4  app_freq_bar.o(.bss..L_MergedGlobals)
    lcd                                      0x20000130   Data           4  app_freq_bar.o(.bss..L_MergedGlobals)
    .L_MergedGlobals                         0x20000174   Data          48  spi_stm32f4xx.o(.bss..L_MergedGlobals)
    SPI1_Info.1.0                            0x20000174   Data           1  spi_stm32f4xx.o(.bss..L_MergedGlobals)
    [Anonymous Symbol]                       0x20000174   Section        0  spi_stm32f4xx.o(.bss..L_MergedGlobals)
    SPI1_Info.1.1                            0x20000178   Data           1  spi_stm32f4xx.o(.bss..L_MergedGlobals)
    SPI1_Info.1.2                            0x2000017a   Data           1  spi_stm32f4xx.o(.bss..L_MergedGlobals)
    SPI1_Info.0                              0x2000017c   Data           4  spi_stm32f4xx.o(.bss..L_MergedGlobals)
    SPI1_Info.2                              0x20000180   Data           4  spi_stm32f4xx.o(.bss..L_MergedGlobals)
    SPI1_Info.3                              0x20000184   Data           4  spi_stm32f4xx.o(.bss..L_MergedGlobals)
    SPI1_TransferInfo                        0x20000188   Data          28  spi_stm32f4xx.o(.bss..L_MergedGlobals)
    I2C1_Info                                0x200001a4   Data          40  i2c_stm32f4xx.o(.bss.I2C1_Info)
    [Anonymous Symbol]                       0x200001a4   Section        0  i2c_stm32f4xx.o(.bss.I2C1_Info)
    X_data                                   0x200001cc   Data        8192  app_freq_bar.o(.bss.X_data)
    [Anonymous Symbol]                       0x200001cc   Section        0  app_freq_bar.o(.bss.X_data)
    data                                     0x200021cc   Data        4096  app_freq_bar.o(.bss.data)
    [Anonymous Symbol]                       0x200021cc   Section        0  app_freq_bar.o(.bss.data)
    lcd_buffer                               0x200031cc   Data        1025  app_freq_bar.o(.bss.lcd_buffer)
    [Anonymous Symbol]                       0x200031cc   Section        0  app_freq_bar.o(.bss.lcd_buffer)
    os_isr_queue                             0x200035d0   Data          64  rtx_lib.o(.bss.os)
    [Anonymous Symbol]                       0x200035d0   Section        0  rtx_lib.o(.bss.os)
    os_mem                                   0x20003610   Data        8192  rtx_lib.o(.bss.os)
    PendST                                   0x20005610   Data           1  os_systick.o(.bss.os)
    [Anonymous Symbol]                       0x20005610   Section        0  os_systick.o(.bss.os)
    os_timer_mq_cb                           0x20005614   Data          52  rtx_lib.o(.bss.os.msgqueue.cb)
    [Anonymous Symbol]                       0x20005614   Section        0  rtx_lib.o(.bss.os.msgqueue.cb)
    os_timer_mq_data                         0x20005648   Data          80  rtx_lib.o(.bss.os.msgqueue.mem)
    [Anonymous Symbol]                       0x20005648   Section        0  rtx_lib.o(.bss.os.msgqueue.mem)
    os_idle_thread_cb                        0x20005698   Data          68  rtx_lib.o(.bss.os.thread.cb)
    [Anonymous Symbol]                       0x20005698   Section        0  rtx_lib.o(.bss.os.thread.cb)
    os_timer_thread_cb                       0x200056dc   Data          68  rtx_lib.o(.bss.os.thread.cb)
    os_idle_thread_stack                     0x20005720   Data         512  rtx_lib.o(.bss.os.thread.idle.stack)
    [Anonymous Symbol]                       0x20005720   Section        0  rtx_lib.o(.bss.os.thread.idle.stack)
    os_timer_thread_stack                    0x20005920   Data         512  rtx_lib.o(.bss.os.thread.timer.stack)
    [Anonymous Symbol]                       0x20005920   Section        0  rtx_lib.o(.bss.os.thread.timer.stack)
    os_kernel_is_active.os_kernel_active     0x20005b20   Data           1  rtx_lib.o(.bss.os_kernel_is_active.os_kernel_active)
    [Anonymous Symbol]                       0x20005b20   Section        0  rtx_lib.o(.bss.os_kernel_is_active.os_kernel_active)
    x_data                                   0x20005b68   Data        8192  app_freq_bar.o(.bss.x_data)
    [Anonymous Symbol]                       0x20005b68   Section        0  app_freq_bar.o(.bss.x_data)
    Heap_Mem                                 0x20007b68   Data         512  startup_stm32f401xc.o(HEAP)
    HEAP                                     0x20007b68   Section      512  startup_stm32f401xc.o(HEAP)
    Stack_Mem                                0x20007d68   Data        1024  startup_stm32f401xc.o(STACK)
    STACK                                    0x20007d68   Section     1024  startup_stm32f401xc.o(STACK)
    __initial_sp                             0x20008168   Data           0  startup_stm32f401xc.o(STACK)
    FPCCR                                    0xe000ef34   Number         0  irq_armv7m.o ABSOLUTE

    Global Symbols

    Symbol Name                              Value     Ov Type        Size  Object(Section)

    BuildAttributes$$THM_ISAv4$E$P$D$K$B$S$7EM$VFPi3$EXTD16$VFPS$VFMA$PE$A:L22UL41UL21$X:L11$S22US41US21$IEEE1$IW$~IW$USESV6$~STKCKD$USESV7$~SHL$OTIME$ROPI$IEEEX$EBA8$UX$STANDARDLIB$REQ8$PRES8$EABIv2 0x00000000   Number         0  anon$$obj.o ABSOLUTE
    .bss.os.evflags.cb$$Base                  - Undefined Weak Reference
    .bss.os.evflags.cb$$Limit                 - Undefined Weak Reference
    .bss.os.mempool.cb$$Base                  - Undefined Weak Reference
    .bss.os.mempool.cb$$Limit                 - Undefined Weak Reference
    .bss.os.mutex.cb$$Base                    - Undefined Weak Reference
    .bss.os.mutex.cb$$Limit                   - Undefined Weak Reference
    .bss.os.semaphore.cb$$Base                - Undefined Weak Reference
    .bss.os.semaphore.cb$$Limit               - Undefined Weak Reference
    .bss.os.timer.cb$$Base                    - Undefined Weak Reference
    .bss.os.timer.cb$$Limit                   - Undefined Weak Reference
    __ARM_exceptions_init                     - Undefined Weak Reference
    __alloca_initialize                       - Undefined Weak Reference
    __arm_preinit_                            - Undefined Weak Reference
    __cpp_initialize__aeabi_                  - Undefined Weak Reference
    __cxa_finalize                            - Undefined Weak Reference
    __rt_locale                               - Undefined Weak Reference
    __sigvec_lookup                           - Undefined Weak Reference
    _atexit_init                              - Undefined Weak Reference
    _call_atexit_fns                          - Undefined Weak Reference
    _clock_init                               - Undefined Weak Reference
    _fp_trap_init                             - Undefined Weak Reference
    _fp_trap_shutdown                         - Undefined Weak Reference
    _get_lc_collate                           - Undefined Weak Reference
    _get_lc_ctype                             - Undefined Weak Reference
    _get_lc_monetary                          - Undefined Weak Reference
    _get_lc_numeric                           - Undefined Weak Reference
    _get_lc_time                              - Undefined Weak Reference
    _getenv_init                              - Undefined Weak Reference
    _handle_redirection                       - Undefined Weak Reference
    _init_alloc                               - Undefined Weak Reference
    _init_user_alloc                          - Undefined Weak Reference
    _initio                                   - Undefined Weak Reference
    _rand_init                                - Undefined Weak Reference
    _signal_finish                            - Undefined Weak Reference
    _signal_init                              - Undefined Weak Reference
    _terminate_alloc                          - Undefined Weak Reference
    _terminate_user_alloc                     - Undefined Weak Reference
    _terminateio                              - Undefined Weak Reference
    __Vectors_Size                           0x00000194   Number         0  startup_stm32f401xc.o ABSOLUTE
    __Vectors                                0x08000000   Data           4  startup_stm32f401xc.o(RESET)
    __Vectors_End                            0x08000194   Data           0  startup_stm32f401xc.o(RESET)
    __main                                   0x08000195   Thumb Code     8  __main.o(!!!main)
    __scatterload                            0x0800019d   Thumb Code     0  __scatter.o(!!!scatter)
    __scatterload_rt2                        0x0800019d   Thumb Code    44  __scatter.o(!!!scatter)
    __scatterload_rt2_thumb_only             0x0800019d   Thumb Code     0  __scatter.o(!!!scatter)
    __scatterload_null                       0x080001ab   Thumb Code     0  __scatter.o(!!!scatter)
    __scatterload_copy                       0x080001d1   Thumb Code    26  __scatter_copy.o(!!handler_copy)
    __scatterload_zeroinit                   0x080001ed   Thumb Code    28  __scatter_zi.o(!!handler_zi)
    __rt_lib_init                            0x08000209   Thumb Code     0  libinit.o(.ARM.Collect$$libinit$$00000000)
    __rt_lib_init_fp_1                       0x0800020b   Thumb Code     0  libinit2.o(.ARM.Collect$$libinit$$00000001)
    __rt_lib_init_alloca_1                   0x0800020f   Thumb Code     0  libinit2.o(.ARM.Collect$$libinit$$0000002E)
    __rt_lib_init_argv_1                     0x0800020f   Thumb Code     0  libinit2.o(.ARM.Collect$$libinit$$0000002C)
    __rt_lib_init_atexit_1                   0x0800020f   Thumb Code     0  libinit2.o(.ARM.Collect$$libinit$$0000001B)
    __rt_lib_init_clock_1                    0x0800020f   Thumb Code     0  libinit2.o(.ARM.Collect$$libinit$$00000021)
    __rt_lib_init_cpp_1                      0x0800020f   Thumb Code     0  libinit2.o(.ARM.Collect$$libinit$$00000032)
    __rt_lib_init_exceptions_1               0x0800020f   Thumb Code     0  libinit2.o(.ARM.Collect$$libinit$$00000030)
    __rt_lib_init_fp_trap_1                  0x0800020f   Thumb Code     0  libinit2.o(.ARM.Collect$$libinit$$0000001F)
    __rt_lib_init_getenv_1                   0x0800020f   Thumb Code     0  libinit2.o(.ARM.Collect$$libinit$$00000023)
    __rt_lib_init_heap_1                     0x0800020f   Thumb Code     0  libinit2.o(.ARM.Collect$$libinit$$0000000A)
    __rt_lib_init_lc_collate_1               0x0800020f   Thumb Code     0  libinit2.o(.ARM.Collect$$libinit$$00000011)
    __rt_lib_init_lc_ctype_1                 0x0800020f   Thumb Code     0  libinit2.o(.ARM.Collect$$libinit$$00000013)
    __rt_lib_init_lc_monetary_1              0x0800020f   Thumb Code     0  libinit2.o(.ARM.Collect$$libinit$$00000015)
    __rt_lib_init_lc_numeric_1               0x0800020f   Thumb Code     0  libinit2.o(.ARM.Collect$$libinit$$00000017)
    __rt_lib_init_lc_time_1                  0x0800020f   Thumb Code     0  libinit2.o(.ARM.Collect$$libinit$$00000019)
    __rt_lib_init_preinit_1                  0x0800020f   Thumb Code     0  libinit2.o(.ARM.Collect$$libinit$$00000004)
    __rt_lib_init_rand_1                     0x0800020f   Thumb Code     0  libinit2.o(.ARM.Collect$$libinit$$0000000E)
    __rt_lib_init_return                     0x0800020f   Thumb Code     0  libinit2.o(.ARM.Collect$$libinit$$00000033)
    __rt_lib_init_signal_1                   0x0800020f   Thumb Code     0  libinit2.o(.ARM.Collect$$libinit$$0000001D)
    __rt_lib_init_stdio_1                    0x0800020f   Thumb Code     0  libinit2.o(.ARM.Collect$$libinit$$00000025)
    __rt_lib_init_user_alloc_1               0x0800020f   Thumb Code     0  libinit2.o(.ARM.Collect$$libinit$$0000000C)
    __rt_lib_shutdown                        0x08000211   Thumb Code     0  libshutdown.o(.ARM.Collect$$libshutdown$$00000000)
    __rt_lib_shutdown_cpp_1                  0x08000213   Thumb Code     0  libshutdown2.o(.ARM.Collect$$libshutdown$$00000002)
    __rt_lib_shutdown_fp_trap_1              0x08000213   Thumb Code     0  libshutdown2.o(.ARM.Collect$$libshutdown$$00000007)
    __rt_lib_shutdown_heap_1                 0x08000213   Thumb Code     0  libshutdown2.o(.ARM.Collect$$libshutdown$$0000000F)
    __rt_lib_shutdown_return                 0x08000213   Thumb Code     0  libshutdown2.o(.ARM.Collect$$libshutdown$$00000010)
    __rt_lib_shutdown_signal_1               0x08000213   Thumb Code     0  libshutdown2.o(.ARM.Collect$$libshutdown$$0000000A)
    __rt_lib_shutdown_stdio_1                0x08000213   Thumb Code     0  libshutdown2.o(.ARM.Collect$$libshutdown$$00000004)
    __rt_lib_shutdown_user_alloc_1           0x08000213   Thumb Code     0  libshutdown2.o(.ARM.Collect$$libshutdown$$0000000C)
    __rt_entry                               0x08000215   Thumb Code     0  __rtentry.o(.ARM.Collect$$rtentry$$00000000)
    __rt_entry_presh_1                       0x08000215   Thumb Code     0  __rtentry2.o(.ARM.Collect$$rtentry$$00000002)
    __rt_entry_sh                            0x08000215   Thumb Code     0  __rtentry4.o(.ARM.Collect$$rtentry$$00000004)
    __rt_entry_postsh_1                      0x0800021b   Thumb Code     0  __rtentry2.o(.ARM.Collect$$rtentry$$00000008)
    __rt_entry_li                            0x08000223   Thumb Code     0  __rtentry2.o(.ARM.Collect$$rtentry$$0000000A)
    __rt_entry_main                          0x08000227   Thumb Code     0  __rtentry2.o(.ARM.Collect$$rtentry$$0000000D)
    __rt_entry_postli_1                      0x08000227   Thumb Code     0  __rtentry2.o(.ARM.Collect$$rtentry$$0000000C)
    __rt_exit                                0x0800022f   Thumb Code     0  rtexit.o(.ARM.Collect$$rtexit$$00000000)
    __rt_exit_ls                             0x08000231   Thumb Code     0  rtexit2.o(.ARM.Collect$$rtexit$$00000003)
    __rt_exit_prels_1                        0x08000231   Thumb Code     0  rtexit2.o(.ARM.Collect$$rtexit$$00000002)
    __rt_exit_exit                           0x08000235   Thumb Code     0  rtexit2.o(.ARM.Collect$$rtexit$$00000004)
    Reset_Handler                            0x0800023d   Thumb Code     8  startup_stm32f401xc.o(.text)
    NMI_Handler                              0x08000245   Thumb Code     2  startup_stm32f401xc.o(.text)
    HardFault_Handler                        0x08000247   Thumb Code     2  startup_stm32f401xc.o(.text)
    MemManage_Handler                        0x08000249   Thumb Code     2  startup_stm32f401xc.o(.text)
    BusFault_Handler                         0x0800024b   Thumb Code     2  startup_stm32f401xc.o(.text)
    UsageFault_Handler                       0x0800024d   Thumb Code     2  startup_stm32f401xc.o(.text)
    DebugMon_Handler                         0x08000251   Thumb Code     2  startup_stm32f401xc.o(.text)
    ADC_IRQHandler                           0x08000257   Thumb Code     0  startup_stm32f401xc.o(.text)
    DMA1_Stream0_IRQHandler                  0x08000257   Thumb Code     0  startup_stm32f401xc.o(.text)
    DMA1_Stream1_IRQHandler                  0x08000257   Thumb Code     0  startup_stm32f401xc.o(.text)
    DMA1_Stream2_IRQHandler                  0x08000257   Thumb Code     0  startup_stm32f401xc.o(.text)
    DMA1_Stream3_IRQHandler                  0x08000257   Thumb Code     0  startup_stm32f401xc.o(.text)
    DMA1_Stream4_IRQHandler                  0x08000257   Thumb Code     0  startup_stm32f401xc.o(.text)
    DMA1_Stream5_IRQHandler                  0x08000257   Thumb Code     0  startup_stm32f401xc.o(.text)
    DMA1_Stream6_IRQHandler                  0x08000257   Thumb Code     0  startup_stm32f401xc.o(.text)
    DMA1_Stream7_IRQHandler                  0x08000257   Thumb Code     0  startup_stm32f401xc.o(.text)
    DMA2_Stream0_IRQHandler                  0x08000257   Thumb Code     0  startup_stm32f401xc.o(.text)
    DMA2_Stream1_IRQHandler                  0x08000257   Thumb Code     0  startup_stm32f401xc.o(.text)
    DMA2_Stream2_IRQHandler                  0x08000257   Thumb Code     0  startup_stm32f401xc.o(.text)
    DMA2_Stream3_IRQHandler                  0x08000257   Thumb Code     0  startup_stm32f401xc.o(.text)
    DMA2_Stream4_IRQHandler                  0x08000257   Thumb Code     0  startup_stm32f401xc.o(.text)
    DMA2_Stream5_IRQHandler                  0x08000257   Thumb Code     0  startup_stm32f401xc.o(.text)
    DMA2_Stream6_IRQHandler                  0x08000257   Thumb Code     0  startup_stm32f401xc.o(.text)
    DMA2_Stream7_IRQHandler                  0x08000257   Thumb Code     0  startup_stm32f401xc.o(.text)
    EXTI0_IRQHandler                         0x08000257   Thumb Code     0  startup_stm32f401xc.o(.text)
    EXTI15_10_IRQHandler                     0x08000257   Thumb Code     0  startup_stm32f401xc.o(.text)
    EXTI1_IRQHandler                         0x08000257   Thumb Code     0  startup_stm32f401xc.o(.text)
    EXTI2_IRQHandler                         0x08000257   Thumb Code     0  startup_stm32f401xc.o(.text)
    EXTI3_IRQHandler                         0x08000257   Thumb Code     0  startup_stm32f401xc.o(.text)
    EXTI4_IRQHandler                         0x08000257   Thumb Code     0  startup_stm32f401xc.o(.text)
    EXTI9_5_IRQHandler                       0x08000257   Thumb Code     0  startup_stm32f401xc.o(.text)
    FLASH_IRQHandler                         0x08000257   Thumb Code     0  startup_stm32f401xc.o(.text)
    FPU_IRQHandler                           0x08000257   Thumb Code     0  startup_stm32f401xc.o(.text)
    I2C2_ER_IRQHandler                       0x08000257   Thumb Code     0  startup_stm32f401xc.o(.text)
    I2C2_EV_IRQHandler                       0x08000257   Thumb Code     0  startup_stm32f401xc.o(.text)
    I2C3_ER_IRQHandler                       0x08000257   Thumb Code     0  startup_stm32f401xc.o(.text)
    I2C3_EV_IRQHandler                       0x08000257   Thumb Code     0  startup_stm32f401xc.o(.text)
    OTG_FS_IRQHandler                        0x08000257   Thumb Code     0  startup_stm32f401xc.o(.text)
    OTG_FS_WKUP_IRQHandler                   0x08000257   Thumb Code     0  startup_stm32f401xc.o(.text)
    PVD_IRQHandler                           0x08000257   Thumb Code     0  startup_stm32f401xc.o(.text)
    RCC_IRQHandler                           0x08000257   Thumb Code     0  startup_stm32f401xc.o(.text)
    RTC_Alarm_IRQHandler                     0x08000257   Thumb Code     0  startup_stm32f401xc.o(.text)
    RTC_WKUP_IRQHandler                      0x08000257   Thumb Code     0  startup_stm32f401xc.o(.text)
    SDIO_IRQHandler                          0x08000257   Thumb Code     0  startup_stm32f401xc.o(.text)
    SPI2_IRQHandler                          0x08000257   Thumb Code     0  startup_stm32f401xc.o(.text)
    SPI3_IRQHandler                          0x08000257   Thumb Code     0  startup_stm32f401xc.o(.text)
    SPI4_IRQHandler                          0x08000257   Thumb Code     0  startup_stm32f401xc.o(.text)
    TAMP_STAMP_IRQHandler                    0x08000257   Thumb Code     0  startup_stm32f401xc.o(.text)
    TIM1_BRK_TIM9_IRQHandler                 0x08000257   Thumb Code     0  startup_stm32f401xc.o(.text)
    TIM1_CC_IRQHandler                       0x08000257   Thumb Code     0  startup_stm32f401xc.o(.text)
    TIM1_TRG_COM_TIM11_IRQHandler            0x08000257   Thumb Code     0  startup_stm32f401xc.o(.text)
    TIM1_UP_TIM10_IRQHandler                 0x08000257   Thumb Code     0  startup_stm32f401xc.o(.text)
    TIM2_IRQHandler                          0x08000257   Thumb Code     0  startup_stm32f401xc.o(.text)
    TIM3_IRQHandler                          0x08000257   Thumb Code     0  startup_stm32f401xc.o(.text)
    TIM5_IRQHandler                          0x08000257   Thumb Code     0  startup_stm32f401xc.o(.text)
    USART1_IRQHandler                        0x08000257   Thumb Code     0  startup_stm32f401xc.o(.text)
    USART2_IRQHandler                        0x08000257   Thumb Code     0  startup_stm32f401xc.o(.text)
    USART6_IRQHandler                        0x08000257   Thumb Code     0  startup_stm32f401xc.o(.text)
    WWDG_IRQHandler                          0x08000257   Thumb Code     0  startup_stm32f401xc.o(.text)
    __user_initial_stackheap                 0x08000259   Thumb Code     0  startup_stm32f401xc.o(.text)
    SVC_Handler                              0x0800027d   Thumb Code   154  irq_armv7m.o(.text)
    PendSV_Handler                           0x08000317   Thumb Code    16  irq_armv7m.o(.text)
    SysTick_Handler                          0x08000327   Thumb Code    16  irq_armv7m.o(.text)
    __aeabi_memcpy                           0x08000345   Thumb Code     0  rt_memcpy_v6.o(.text)
    __rt_memcpy                              0x08000345   Thumb Code   138  rt_memcpy_v6.o(.text)
    _memcpy_lastbytes                        0x080003ab   Thumb Code     0  rt_memcpy_v6.o(.text)
    __aeabi_memcpy4                          0x080003cf   Thumb Code     0  rt_memcpy_w.o(.text)
    __aeabi_memcpy8                          0x080003cf   Thumb Code     0  rt_memcpy_w.o(.text)
    __rt_memcpy_w                            0x080003cf   Thumb Code   100  rt_memcpy_w.o(.text)
    _memcpy_lastbytes_aligned                0x08000417   Thumb Code     0  rt_memcpy_w.o(.text)
    __aeabi_memclr                           0x08000433   Thumb Code     0  rt_memclr.o(.text)
    __rt_memclr                              0x08000433   Thumb Code     0  rt_memclr.o(.text)
    _memset                                  0x08000437   Thumb Code    64  rt_memclr.o(.text)
    __aeabi_memclr4                          0x08000477   Thumb Code     0  rt_memclr_w.o(.text)
    __aeabi_memclr8                          0x08000477   Thumb Code     0  rt_memclr_w.o(.text)
    __rt_memclr_w                            0x08000477   Thumb Code     0  rt_memclr_w.o(.text)
    _memset_w                                0x0800047b   Thumb Code    74  rt_memclr_w.o(.text)
    __use_two_region_memory                  0x080004c5   Thumb Code     2  heapauxi.o(.text)
    __rt_heap_escrow$2region                 0x080004c7   Thumb Code     2  heapauxi.o(.text)
    __rt_heap_expand$2region                 0x080004c9   Thumb Code     2  heapauxi.o(.text)
    __user_libspace                          0x080004cd   Thumb Code     8  libspace.o(.text)
    __user_perproc_libspace                  0x080004cd   Thumb Code     0  libspace.o(.text)
    __user_setup_stackheap                   0x080004d5   Thumb Code    74  sys_stackheap_outer.o(.text)
    exit                                     0x0800051f   Thumb Code    18  exit.o(.text)
    _sys_exit                                0x08000531   Thumb Code     8  sys_exit.o(.text)
    __I$use$semihosting                      0x0800053d   Thumb Code     0  use_no_semi.o(.text)
    __use_no_semihosting_swi                 0x0800053d   Thumb Code     2  use_no_semi.o(.text)
    __semihosting_library_function           0x0800053f   Thumb Code     0  indicate_semi.o(.text)
    _fp_init                                 0x08000541   Thumb Code    22  rtx_lib.o(.text.$Sub$$_fp_init)
    HAL_Delay                                0x08000559   Thumb Code    40  stm32f4xx_hal.o(.text.HAL_Delay)
    HAL_GPIO_DeInit                          0x08000581   Thumb Code   834  stm32f4xx_hal_gpio.o(.text.HAL_GPIO_DeInit)
    HAL_GPIO_Init                            0x080008c5   Thumb Code   442  stm32f4xx_hal_gpio.o(.text.HAL_GPIO_Init)
    HAL_GPIO_ReadPin                         0x08000a81   Thumb Code    10  stm32f4xx_hal_gpio.o(.text.HAL_GPIO_ReadPin)
    HAL_GPIO_WritePin                        0x08000a8d   Thumb Code    10  stm32f4xx_hal_gpio.o(.text.HAL_GPIO_WritePin)
    HAL_GetTick                              0x08000a99   Thumb Code    12  stm32f4xx_hal.o(.text.HAL_GetTick)
    HAL_NVIC_ClearPendingIRQ                 0x08000aa5   Thumb Code    32  stm32f4xx_hal_cortex.o(.text.HAL_NVIC_ClearPendingIRQ)
    HAL_NVIC_DisableIRQ                      0x08000ac5   Thumb Code    40  stm32f4xx_hal_cortex.o(.text.HAL_NVIC_DisableIRQ)
    HAL_NVIC_EnableIRQ                       0x08000aed   Thumb Code    32  stm32f4xx_hal_cortex.o(.text.HAL_NVIC_EnableIRQ)
    HAL_RCC_GetPCLK1Freq                     0x08000b0d   Thumb Code    38  stm32f4xx_hal_rcc.o(.text.HAL_RCC_GetPCLK1Freq)
    I2C1_ER_IRQHandler                       0x08000fb1   Thumb Code   366  i2c_stm32f4xx.o(.text.I2C1_ER_IRQHandler)
    I2C1_EV_IRQHandler                       0x08001121   Thumb Code  1362  i2c_stm32f4xx.o(.text.I2C1_EV_IRQHandler)
    LCD_UPDATE                               0x08001b01   Thumb Code   608  oled.o(.text.LCD_UPDATE)
    OS_Tick_AcknowledgeIRQ                   0x08001e15   Thumb Code     8  os_systick.o(.text.OS_Tick_AcknowledgeIRQ)
    OS_Tick_Enable                           0x08001e1d   Thumb Code    32  os_systick.o(.text.OS_Tick_Enable)
    OS_Tick_GetIRQn                          0x08001e41   Thumb Code     6  os_systick.o(.text.OS_Tick_GetIRQn)
    OS_Tick_Setup                            0x08001e49   Thumb Code    48  os_systick.o(.text.OS_Tick_Setup)
    SPI1_IRQHandler                          0x08001ead   Thumb Code   356  spi_stm32f4xx.o(.text.SPI1_IRQHandler)
    SystemCoreClockUpdate                    0x08002011   Thumb Code   124  system_stm32f4xx.o(.text.SystemCoreClockUpdate)
    SystemInit                               0x0800208d   Thumb Code    18  system_stm32f4xx.o(.text.SystemInit)
    TIM4_IRQHandler                          0x080020a1   Thumb Code    96  app_freq_bar.o(.text.TIM4_IRQHandler)
    _mutex_acquire                           0x080021ad   Thumb Code    54  rtx_lib.o(.text._mutex_acquire)
    _mutex_free                              0x080021e5   Thumb Code     6  rtx_lib.o(.text._mutex_free)
    _mutex_initialize                        0x080021ed   Thumb Code    32  rtx_lib.o(.text._mutex_initialize)
    _mutex_release                           0x0800220d   Thumb Code    50  rtx_lib.o(.text._mutex_release)
    _platform_post_stackheap_init            0x08002241   Thumb Code     4  rtx_lib.o(.text._platform_post_stackheap_init)
    arm_cfft_f32                             0x08002245   Thumb Code   868  transformfunctions.o(.text.arm_cfft_f32)
    arm_cfft_radix8by2_f32                   0x080025a9   Thumb Code   432  transformfunctions.o(.text.arm_cfft_radix8by2_f32)
    arm_cfft_radix8by4_f32                   0x08002759   Thumb Code  1212  transformfunctions.o(.text.arm_cfft_radix8by4_f32)
    arm_cmplx_mag_f32                        0x08002c15   Thumb Code   274  complexmathfunctions.o(.text.arm_cmplx_mag_f32)
    arm_max_f32                              0x08002d29   Thumb Code   260  statisticsfunctions.o(.text.arm_max_f32)
    arm_radix8_butterfly_f32                 0x08002e2d   Thumb Code  1460  transformfunctions.o(.text.arm_radix8_butterfly_f32)
    main                                     0x080034ad   Thumb Code   276  main.o(.text.main)
    main_app                                 0x080035c1   Thumb Code    20  app_freq_bar.o(.text.main_app)
    osDelay                                  0x08003e0d   Thumb Code    32  rtx_delay.o(.text.osDelay)
    osKernelGetState                         0x08003e31   Thumb Code    40  rtx_kernel.o(.text.osKernelGetState)
    osKernelInitialize                       0x08003e61   Thumb Code    40  rtx_kernel.o(.text.osKernelInitialize)
    osKernelStart                            0x08003e8d   Thumb Code    32  rtx_kernel.o(.text.osKernelStart)
    osMessageQueueGet                        0x08003eb1   Thumb Code   108  rtx_msgqueue.o(.text.osMessageQueueGet)
    osMessageQueuePut                        0x08003f21   Thumb Code   124  rtx_msgqueue.o(.text.osMessageQueuePut)
    osMutexAcquire                           0x08003fa1   Thumb Code    32  rtx_mutex.o(.text.osMutexAcquire)
    osMutexDelete                            0x08003fc5   Thumb Code    32  rtx_mutex.o(.text.osMutexDelete)
    osMutexNew                               0x08003fe9   Thumb Code    32  rtx_mutex.o(.text.osMutexNew)
    osMutexRelease                           0x0800400d   Thumb Code    32  rtx_mutex.o(.text.osMutexRelease)
    osRtxErrorNotify                         0x08004031   Thumb Code     2  rtx_config.o(.text.osRtxErrorNotify)
    osRtxIdleThread                          0x08004035   Thumb Code     2  rtx_config.o(.text.osRtxIdleThread)
    osRtxKernelErrorNotify                   0x08004037   Thumb Code     4  rtx_kernel.o(.text.osRtxKernelErrorNotify)
    osRtxKernelPreInit                       0x0800403b   Thumb Code     2  rtx_kernel.o(.text.osRtxKernelPreInit)
    osRtxMemoryAlloc                         0x0800403d   Thumb Code   108  rtx_memory.o(.text.osRtxMemoryAlloc)
    osRtxMemoryFree                          0x080040a9   Thumb Code    66  rtx_memory.o(.text.osRtxMemoryFree)
    osRtxMemoryInit                          0x080040eb   Thumb Code    54  rtx_memory.o(.text.osRtxMemoryInit)
    osRtxMemoryPoolAlloc                     0x08004121   Thumb Code    58  rtx_mempool.o(.text.osRtxMemoryPoolAlloc)
    osRtxMemoryPoolFree                      0x0800415b   Thumb Code    74  rtx_mempool.o(.text.osRtxMemoryPoolFree)
    osRtxMemoryPoolInit                      0x080041a5   Thumb Code    56  rtx_mempool.o(.text.osRtxMemoryPoolInit)
    osRtxMessageQueueTimerSetup              0x08004289   Thumb Code    32  rtx_msgqueue.o(.text.osRtxMessageQueueTimerSetup)
    osRtxMutexOwnerRelease                   0x080042ad   Thumb Code    72  rtx_mutex.o(.text.osRtxMutexOwnerRelease)
    osRtxMutexOwnerRestore                   0x080042f5   Thumb Code    72  rtx_mutex.o(.text.osRtxMutexOwnerRestore)
    osRtxPendSV_Handler                      0x0800433d   Thumb Code   136  rtx_system.o(.text.osRtxPendSV_Handler)
    osRtxPostProcess                         0x080043c5   Thumb Code   108  rtx_system.o(.text.osRtxPostProcess)
    osRtxThreadDelayTick                     0x08004521   Thumb Code    80  rtx_thread.o(.text.osRtxThreadDelayTick)
    osRtxThreadDispatch                      0x08004591   Thumb Code    80  rtx_thread.o(.text.osRtxThreadDispatch)
    osRtxThreadListGet                       0x08004657   Thumb Code    18  rtx_thread.o(.text.osRtxThreadListGet)
    osRtxThreadListPut                       0x08004669   Thumb Code    44  rtx_thread.o(.text.osRtxThreadListPut)
    osRtxThreadListRemove                    0x08004695   Thumb Code    20  rtx_thread.o(.text.osRtxThreadListRemove)
    osRtxThreadListSort                      0x080046a9   Thumb Code    38  rtx_thread.o(.text.osRtxThreadListSort)
    osRtxThreadReadyPut                      0x080046f9   Thumb Code    16  rtx_thread.o(.text.osRtxThreadReadyPut)
    osRtxThreadRegPtr                        0x0800470d   Thumb Code    20  rtx_thread.o(.text.osRtxThreadRegPtr)
    osRtxThreadStartup                       0x08004721   Thumb Code    48  rtx_thread.o(.text.osRtxThreadStartup)
    osRtxThreadSwitch                        0x08004755   Thumb Code    12  rtx_thread.o(.text.osRtxThreadSwitch)
    osRtxThreadWaitEnter                     0x08004761   Thumb Code    56  rtx_thread.o(.text.osRtxThreadWaitEnter)
    osRtxThreadWaitExit                      0x0800479d   Thumb Code    48  rtx_thread.o(.text.osRtxThreadWaitExit)
    osRtxTick_Handler                        0x080047cd   Thumb Code   116  rtx_system.o(.text.osRtxTick_Handler)
    osRtxTimerSetup                          0x08004845   Thumb Code    24  rtx_timer.o(.text.osRtxTimerSetup)
    osRtxTimerThread                         0x08004865   Thumb Code    32  rtx_timer.o(.text.osRtxTimerThread)
    osThreadExit                             0x080048f5   Thumb Code     8  rtx_thread.o(.text.osThreadExit)
    osThreadNew                              0x08004901   Thumb Code    32  rtx_thread.o(.text.osThreadNew)
    $Super$$_fp_init                         0x0800526d   Thumb Code    26  fpinit.o(x$fpl$fpinit)
    __fplib_config_fpu_vfp                   0x08005285   Thumb Code     0  fpinit.o(x$fpl$fpinit)
    __fplib_config_pureend_doubles           0x08005285   Thumb Code     0  fpinit.o(x$fpl$fpinit)
    osRtxConfig                              0x08005288   Data         112  rtx_lib.o(.rodata)
    os_cb_sections                           0x080052f8   Data          56  rtx_lib.o(.rodata)
    AHBPrescTable                            0x08005330   Data          16  system_stm32f4xx.o(.rodata.AHBPrescTable)
    APBPrescTable                            0x08005340   Data           8  system_stm32f4xx.o(.rodata.APBPrescTable)
    Driver_I2C1                              0x08005348   Data          48  i2c_stm32f4xx.o(.rodata.Driver_I2C1)
    armBitRevIndexTable1024                  0x08005378   Data        3600  commontables.o(.rodata.armBitRevIndexTable1024)
    arm_cfft_sR_f32_len1024                  0x08006188   Data          16  commontables.o(.rodata.arm_cfft_sR_f32_len1024)
    osRtxUserSVC                             0x08006198   Data           4  rtx_lib.o(.rodata.osRtxUserSVC)
    twiddleCoef_1024                         0x08006208   Data        8192  commontables.o(.rodata.twiddleCoef_1024)
    Region$$Table$$Base                      0x08008208   Number         0  anon$$obj.o(Region$$Table)
    Region$$Table$$Limit                     0x08008228   Number         0  anon$$obj.o(Region$$Table)
    uwTickFreq                               0x20000000   Data           1  stm32f4xx_hal.o(.data..L_MergedGlobals)
    uwTickPrio                               0x20000004   Data           4  stm32f4xx_hal.o(.data..L_MergedGlobals)
    SystemCoreClock                          0x20000008   Data           4  system_stm32f4xx.o(.data.SystemCoreClock)
    osRtxInfo                                0x2000000c   Data         164  rtx_kernel.o(.data.os)
    __libspace_start                         0x200000b0   Data          96  libspace.o(.bss)
    __temporary_stack_top$libspace           0x20000110   Data           0  libspace.o(.bss)
    val_data                                 0x20000134   Data          64  app_freq_bar.o(.bss..L_MergedGlobals)
    .bss.os.msgqueue.cb$$Base                0x20005614   Number         0  rtx_lib.o(.bss.os.msgqueue.cb)
    .bss.os.msgqueue.cb$$Limit               0x20005648   Number         0  rtx_lib.o(.bss.os.msgqueue.cb)
    .bss.os.thread.cb$$Base                  0x20005698   Number         0  rtx_lib.o(.bss.os.thread.cb)
    .bss.os.thread.cb$$Limit                 0x20005720   Number         0  rtx_lib.o(.bss.os.thread.cb)
    uwTick                                   0x20005b24   Data           4  stm32f4xx_hal.o(.bss.uwTick)
    val_data_fl                              0x20005b28   Data          64  app_freq_bar.o(.bss.val_data_fl)



==============================================================================

Memory Map of the image

  Image Entry point : 0x08000195

  Load Region LR_IROM1 (Base: 0x08000000, Size: 0x000082d8, Max: 0x00040000, ABSOLUTE)

    Execution Region ER_IROM1 (Exec base: 0x08000000, Load base: 0x08000000, Size: 0x00008228, Max: 0x00040000, ABSOLUTE)

    Exec Addr    Load Addr    Size         Type   Attr      Idx    E Section Name        Object

    0x08000000   0x08000000   0x00000194   Data   RO         2432    RESET               startup_stm32f401xc.o
    0x08000194   0x08000194   0x00000008   Code   RO         2958  * !!!main             c_w.l(__main.o)
    0x0800019c   0x0800019c   0x00000034   Code   RO         3293    !!!scatter          c_w.l(__scatter.o)
    0x080001d0   0x080001d0   0x0000001a   Code   RO         3295    !!handler_copy      c_w.l(__scatter_copy.o)
    0x080001ea   0x080001ea   0x00000002   PAD
    0x080001ec   0x080001ec   0x0000001c   Code   RO         3297    !!handler_zi        c_w.l(__scatter_zi.o)
    0x08000208   0x08000208   0x00000002   Code   RO         3162    .ARM.Collect$$libinit$$00000000  c_w.l(libinit.o)
    0x0800020a   0x0800020a   0x00000004   Code   RO         3171    .ARM.Collect$$libinit$$00000001  c_w.l(libinit2.o)
    0x0800020e   0x0800020e   0x00000000   Code   RO         3174    .ARM.Collect$$libinit$$00000004  c_w.l(libinit2.o)
    0x0800020e   0x0800020e   0x00000000   Code   RO         3177    .ARM.Collect$$libinit$$0000000A  c_w.l(libinit2.o)
    0x0800020e   0x0800020e   0x00000000   Code   RO         3179    .ARM.Collect$$libinit$$0000000C  c_w.l(libinit2.o)
    0x0800020e   0x0800020e   0x00000000   Code   RO         3181    .ARM.Collect$$libinit$$0000000E  c_w.l(libinit2.o)
    0x0800020e   0x0800020e   0x00000000   Code   RO         3184    .ARM.Collect$$libinit$$00000011  c_w.l(libinit2.o)
    0x0800020e   0x0800020e   0x00000000   Code   RO         3186    .ARM.Collect$$libinit$$00000013  c_w.l(libinit2.o)
    0x0800020e   0x0800020e   0x00000000   Code   RO         3188    .ARM.Collect$$libinit$$00000015  c_w.l(libinit2.o)
    0x0800020e   0x0800020e   0x00000000   Code   RO         3190    .ARM.Collect$$libinit$$00000017  c_w.l(libinit2.o)
    0x0800020e   0x0800020e   0x00000000   Code   RO         3192    .ARM.Collect$$libinit$$00000019  c_w.l(libinit2.o)
    0x0800020e   0x0800020e   0x00000000   Code   RO         3194    .ARM.Collect$$libinit$$0000001B  c_w.l(libinit2.o)
    0x0800020e   0x0800020e   0x00000000   Code   RO         3196    .ARM.Collect$$libinit$$0000001D  c_w.l(libinit2.o)
    0x0800020e   0x0800020e   0x00000000   Code   RO         3198    .ARM.Collect$$libinit$$0000001F  c_w.l(libinit2.o)
    0x0800020e   0x0800020e   0x00000000   Code   RO         3200    .ARM.Collect$$libinit$$00000021  c_w.l(libinit2.o)
    0x0800020e   0x0800020e   0x00000000   Code   RO         3202    .ARM.Collect$$libinit$$00000023  c_w.l(libinit2.o)
    0x0800020e   0x0800020e   0x00000000   Code   RO         3204    .ARM.Collect$$libinit$$00000025  c_w.l(libinit2.o)
    0x0800020e   0x0800020e   0x00000000   Code   RO         3208    .ARM.Collect$$libinit$$0000002C  c_w.l(libinit2.o)
    0x0800020e   0x0800020e   0x00000000   Code   RO         3210    .ARM.Collect$$libinit$$0000002E  c_w.l(libinit2.o)
    0x0800020e   0x0800020e   0x00000000   Code   RO         3212    .ARM.Collect$$libinit$$00000030  c_w.l(libinit2.o)
    0x0800020e   0x0800020e   0x00000000   Code   RO         3214    .ARM.Collect$$libinit$$00000032  c_w.l(libinit2.o)
    0x0800020e   0x0800020e   0x00000002   Code   RO         3215    .ARM.Collect$$libinit$$00000033  c_w.l(libinit2.o)
    0x08000210   0x08000210   0x00000002   Code   RO         3248    .ARM.Collect$$libshutdown$$00000000  c_w.l(libshutdown.o)
    0x08000212   0x08000212   0x00000000   Code   RO         3276    .ARM.Collect$$libshutdown$$00000002  c_w.l(libshutdown2.o)
    0x08000212   0x08000212   0x00000000   Code   RO         3278    .ARM.Collect$$libshutdown$$00000004  c_w.l(libshutdown2.o)
    0x08000212   0x08000212   0x00000000   Code   RO         3281    .ARM.Collect$$libshutdown$$00000007  c_w.l(libshutdown2.o)
    0x08000212   0x08000212   0x00000000   Code   RO         3284    .ARM.Collect$$libshutdown$$0000000A  c_w.l(libshutdown2.o)
    0x08000212   0x08000212   0x00000000   Code   RO         3286    .ARM.Collect$$libshutdown$$0000000C  c_w.l(libshutdown2.o)
    0x08000212   0x08000212   0x00000000   Code   RO         3289    .ARM.Collect$$libshutdown$$0000000F  c_w.l(libshutdown2.o)
    0x08000212   0x08000212   0x00000002   Code   RO         3290    .ARM.Collect$$libshutdown$$00000010  c_w.l(libshutdown2.o)
    0x08000214   0x08000214   0x00000000   Code   RO         3053    .ARM.Collect$$rtentry$$00000000  c_w.l(__rtentry.o)
    0x08000214   0x08000214   0x00000000   Code   RO         3123    .ARM.Collect$$rtentry$$00000002  c_w.l(__rtentry2.o)
    0x08000214   0x08000214   0x00000006   Code   RO         3135    .ARM.Collect$$rtentry$$00000004  c_w.l(__rtentry4.o)
    0x0800021a   0x0800021a   0x00000008   Code   RO         3124    .ARM.Collect$$rtentry$$00000008  c_w.l(__rtentry2.o)
    0x08000222   0x08000222   0x00000004   Code   RO         3126    .ARM.Collect$$rtentry$$0000000A  c_w.l(__rtentry2.o)
    0x08000226   0x08000226   0x00000000   Code   RO         3128    .ARM.Collect$$rtentry$$0000000C  c_w.l(__rtentry2.o)
    0x08000226   0x08000226   0x00000008   Code   RO         3129    .ARM.Collect$$rtentry$$0000000D  c_w.l(__rtentry2.o)
    0x0800022e   0x0800022e   0x00000002   Code   RO         3163    .ARM.Collect$$rtexit$$00000000  c_w.l(rtexit.o)
    0x08000230   0x08000230   0x00000000   Code   RO         3221    .ARM.Collect$$rtexit$$00000002  c_w.l(rtexit2.o)
    0x08000230   0x08000230   0x00000004   Code   RO         3222    .ARM.Collect$$rtexit$$00000003  c_w.l(rtexit2.o)
    0x08000234   0x08000234   0x00000006   Code   RO         3223    .ARM.Collect$$rtexit$$00000004  c_w.l(rtexit2.o)
    0x0800023a   0x0800023a   0x00000002   PAD
    0x0800023c   0x0800023c   0x00000040   Code   RO         2433    .text               startup_stm32f401xc.o
    0x0800027c   0x0800027c   0x000000c8   Code   RO         2764    .text               RTX_CM4F.lib(irq_armv7m.o)
    0x08000344   0x08000344   0x0000008a   Code   RO         2946    .text               c_w.l(rt_memcpy_v6.o)
    0x080003ce   0x080003ce   0x00000064   Code   RO         2948    .text               c_w.l(rt_memcpy_w.o)
    0x08000432   0x08000432   0x00000044   Code   RO         2952    .text               c_w.l(rt_memclr.o)
    0x08000476   0x08000476   0x0000004e   Code   RO         2954    .text               c_w.l(rt_memclr_w.o)
    0x080004c4   0x080004c4   0x00000006   Code   RO         2956    .text               c_w.l(heapauxi.o)
    0x080004ca   0x080004ca   0x00000002   PAD
    0x080004cc   0x080004cc   0x00000008   Code   RO         3148    .text               c_w.l(libspace.o)
    0x080004d4   0x080004d4   0x0000004a   Code   RO         3151    .text               c_w.l(sys_stackheap_outer.o)
    0x0800051e   0x0800051e   0x00000012   Code   RO         3153    .text               c_w.l(exit.o)
    0x08000530   0x08000530   0x0000000c   Code   RO         3216    .text               c_w.l(sys_exit.o)
    0x0800053c   0x0800053c   0x00000002   Code   RO         3237    .text               c_w.l(use_no_semi.o)
    0x0800053e   0x0800053e   0x00000000   Code   RO         3239    .text               c_w.l(indicate_semi.o)
    0x0800053e   0x0800053e   0x00000002   PAD
    0x08000540   0x08000540   0x00000016   Code   RO         1745    .text.$Sub$$_fp_init  rtx_lib.o
    0x08000556   0x08000556   0x00000002   PAD
    0x08000558   0x08000558   0x00000028   Code   RO         1882    .text.HAL_Delay     stm32f4xx_hal.o
    0x08000580   0x08000580   0x00000342   Code   RO         2021    .text.HAL_GPIO_DeInit  stm32f4xx_hal_gpio.o
    0x080008c2   0x080008c2   0x00000002   PAD
    0x080008c4   0x080008c4   0x000001ba   Code   RO         2019    .text.HAL_GPIO_Init  stm32f4xx_hal_gpio.o
    0x08000a7e   0x08000a7e   0x00000002   PAD
    0x08000a80   0x08000a80   0x0000000a   Code   RO         2023    .text.HAL_GPIO_ReadPin  stm32f4xx_hal_gpio.o
    0x08000a8a   0x08000a8a   0x00000002   PAD
    0x08000a8c   0x08000a8c   0x0000000a   Code   RO         2025    .text.HAL_GPIO_WritePin  stm32f4xx_hal_gpio.o
    0x08000a96   0x08000a96   0x00000002   PAD
    0x08000a98   0x08000a98   0x0000000c   Code   RO         1874    .text.HAL_GetTick   stm32f4xx_hal.o
    0x08000aa4   0x08000aa4   0x00000020   Code   RO         1954    .text.HAL_NVIC_ClearPendingIRQ  stm32f4xx_hal_cortex.o
    0x08000ac4   0x08000ac4   0x00000028   Code   RO         1932    .text.HAL_NVIC_DisableIRQ  stm32f4xx_hal_cortex.o
    0x08000aec   0x08000aec   0x00000020   Code   RO         1930    .text.HAL_NVIC_EnableIRQ  stm32f4xx_hal_cortex.o
    0x08000b0c   0x08000b0c   0x00000026   Code   RO         2267    .text.HAL_RCC_GetPCLK1Freq  stm32f4xx_hal_rcc.o
    0x08000b32   0x08000b32   0x00000002   PAD
    0x08000b34   0x08000b34   0x0000047c   Code   RO         1814    .text.I2C1_Control  i2c_stm32f4xx.o
    0x08000fb0   0x08000fb0   0x0000016e   Code   RO         1792    .text.I2C1_ER_IRQHandler  i2c_stm32f4xx.o
    0x0800111e   0x0800111e   0x00000002   PAD
    0x08001120   0x08001120   0x00000552   Code   RO         1790    .text.I2C1_EV_IRQHandler  i2c_stm32f4xx.o
    0x08001672   0x08001672   0x00000002   PAD
    0x08001674   0x08001674   0x00000026   Code   RO         1812    .text.I2C1_GetDataCount  i2c_stm32f4xx.o
    0x0800169a   0x0800169a   0x00000002   PAD
    0x0800169c   0x0800169c   0x0000000c   Code   RO         1816    .text.I2C1_GetStatus  i2c_stm32f4xx.o
    0x080016a8   0x080016a8   0x000000a4   Code   RO         1798    .text.I2C1_Initialize  i2c_stm32f4xx.o
    0x0800174c   0x0800174c   0x000000c0   Code   RO         1806    .text.I2C1_MasterReceive  i2c_stm32f4xx.o
    0x0800180c   0x0800180c   0x000000bc   Code   RO         1804    .text.I2C1_MasterTransmit  i2c_stm32f4xx.o
    0x080018c8   0x080018c8   0x0000014a   Code   RO         1802    .text.I2C1_PowerControl  i2c_stm32f4xx.o
    0x08001a12   0x08001a12   0x00000002   PAD
    0x08001a14   0x08001a14   0x00000054   Code   RO         1810    .text.I2C1_SlaveReceive  i2c_stm32f4xx.o
    0x08001a68   0x08001a68   0x00000058   Code   RO         1808    .text.I2C1_SlaveTransmit  i2c_stm32f4xx.o
    0x08001ac0   0x08001ac0   0x00000030   Code   RO         1800    .text.I2C1_Uninitialize  i2c_stm32f4xx.o
    0x08001af0   0x08001af0   0x00000004   Code   RO         1796    .text.I2CX_GetCapabilities  i2c_stm32f4xx.o
    0x08001af4   0x08001af4   0x0000000a   Code   RO         1794    .text.I2CX_GetVersion  i2c_stm32f4xx.o
    0x08001afe   0x08001afe   0x00000002   PAD
    0x08001b00   0x08001b00   0x00000260   Code   RO           11    .text.LCD_UPDATE    oled.o
    0x08001d60   0x08001d60   0x00000040   Code   RO         2880    .text.MessageQueueGet  RTX_CM4F.lib(rtx_msgqueue.o)
    0x08001da0   0x08001da0   0x00000058   Code   RO         2874    .text.MessageQueuePut  RTX_CM4F.lib(rtx_msgqueue.o)
    0x08001df8   0x08001df8   0x0000001c   Code   RO         2872    .text.MessageQueueRemove  RTX_CM4F.lib(rtx_msgqueue.o)
    0x08001e14   0x08001e14   0x00000008   Code   RO         2920    .text.OS_Tick_AcknowledgeIRQ  RTX_CM4F.lib(os_systick.o)
    0x08001e1c   0x08001e1c   0x00000024   Code   RO         2916    .text.OS_Tick_Enable  RTX_CM4F.lib(os_systick.o)
    0x08001e40   0x08001e40   0x00000006   Code   RO         2922    .text.OS_Tick_GetIRQn  RTX_CM4F.lib(os_systick.o)
    0x08001e46   0x08001e46   0x00000002   PAD
    0x08001e48   0x08001e48   0x00000040   Code   RO         2914    .text.OS_Tick_Setup  RTX_CM4F.lib(os_systick.o)
    0x08001e88   0x08001e88   0x0000000c   Code   RO         2513    .text.OUTLINED_FUNCTION_0  RTX_CM4F.lib(rtx_kernel.o)
    0x08001e94   0x08001e94   0x0000000c   Code   RO         2888    .text.OUTLINED_FUNCTION_0  RTX_CM4F.lib(rtx_msgqueue.o)
    0x08001ea0   0x08001ea0   0x00000006   Code   RO         2515    .text.OUTLINED_FUNCTION_1  RTX_CM4F.lib(rtx_kernel.o)
    0x08001ea6   0x08001ea6   0x00000006   Code   RO         2890    .text.OUTLINED_FUNCTION_1  RTX_CM4F.lib(rtx_msgqueue.o)
    0x08001eac   0x08001eac   0x00000164   Code   RO         1828    .text.SPI1_IRQHandler  spi_stm32f4xx.o
    0x08002010   0x08002010   0x0000007c   Code   RO         2442    .text.SystemCoreClockUpdate  system_stm32f4xx.o
    0x0800208c   0x0800208c   0x00000012   Code   RO         2440    .text.SystemInit    system_stm32f4xx.o
    0x0800209e   0x0800209e   0x00000002   PAD
    0x080020a0   0x080020a0   0x00000060   Code   RO           22    .text.TIM4_IRQHandler  app_freq_bar.o
    0x08002100   0x08002100   0x00000064   Code   RO         2605    .text.ThreadFlagsCheck  RTX_CM4F.lib(rtx_thread.o)
    0x08002164   0x08002164   0x00000048   Code   RO         2705    .text.TimerInsert   RTX_CM4F.lib(rtx_timer.o)
    0x080021ac   0x080021ac   0x00000036   Code   RO         1751    .text._mutex_acquire  rtx_lib.o
    0x080021e2   0x080021e2   0x00000002   PAD
    0x080021e4   0x080021e4   0x00000006   Code   RO         1755    .text._mutex_free   rtx_lib.o
    0x080021ea   0x080021ea   0x00000002   PAD
    0x080021ec   0x080021ec   0x00000020   Code   RO         1749    .text._mutex_initialize  rtx_lib.o
    0x0800220c   0x0800220c   0x00000032   Code   RO         1753    .text._mutex_release  rtx_lib.o
    0x0800223e   0x0800223e   0x00000002   PAD
    0x08002240   0x08002240   0x00000004   Code   RO         1743    .text._platform_post_stackheap_init  rtx_lib.o
    0x08002244   0x08002244   0x00000364   Code   RO         1501    .text.arm_cfft_f32  transformfunctions.o
    0x080025a8   0x080025a8   0x000001b0   Code   RO         1495    .text.arm_cfft_radix8by2_f32  transformfunctions.o
    0x08002758   0x08002758   0x000004bc   Code   RO         1499    .text.arm_cfft_radix8by4_f32  transformfunctions.o
    0x08002c14   0x08002c14   0x00000112   Code   RO          458    .text.arm_cmplx_mag_f32  complexmathfunctions.o
    0x08002d26   0x08002d26   0x00000002   PAD
    0x08002d28   0x08002d28   0x00000104   Code   RO         1195    .text.arm_max_f32   statisticsfunctions.o
    0x08002e2c   0x08002e2c   0x000005b4   Code   RO         1497    .text.arm_radix8_butterfly_f32  transformfunctions.o
    0x080033e0   0x080033e0   0x00000078   Code   RO           32    .text.clr_pixel_ram  app_freq_bar.o
    0x08003458   0x08003458   0x00000052   Code   RO           26    .text.led           app_freq_bar.o
    0x080034aa   0x080034aa   0x00000002   PAD
    0x080034ac   0x080034ac   0x00000114   Code   RO            2    .text.main          main.o
    0x080035c0   0x080035c0   0x00000014   Code   RO           24    .text.main_app      app_freq_bar.o
    0x080035d4   0x080035d4   0x00000838   Code   RO           28    .text.main_app_sub  app_freq_bar.o
    0x08003e0c   0x08003e0c   0x00000024   Code   RO         2671    .text.osDelay       RTX_CM4F.lib(rtx_delay.o)
    0x08003e30   0x08003e30   0x00000030   Code   RO         2465    .text.osKernelGetState  RTX_CM4F.lib(rtx_kernel.o)
    0x08003e60   0x08003e60   0x0000002c   Code   RO         2459    .text.osKernelInitialize  RTX_CM4F.lib(rtx_kernel.o)
    0x08003e8c   0x08003e8c   0x00000024   Code   RO         2469    .text.osKernelStart  RTX_CM4F.lib(rtx_kernel.o)
    0x08003eb0   0x08003eb0   0x00000070   Code   RO         2848    .text.osMessageQueueGet  RTX_CM4F.lib(rtx_msgqueue.o)
    0x08003f20   0x08003f20   0x00000080   Code   RO         2846    .text.osMessageQueuePut  RTX_CM4F.lib(rtx_msgqueue.o)
    0x08003fa0   0x08003fa0   0x00000024   Code   RO         2737    .text.osMutexAcquire  RTX_CM4F.lib(rtx_mutex.o)
    0x08003fc4   0x08003fc4   0x00000024   Code   RO         2743    .text.osMutexDelete  RTX_CM4F.lib(rtx_mutex.o)
    0x08003fe8   0x08003fe8   0x00000024   Code   RO         2733    .text.osMutexNew    RTX_CM4F.lib(rtx_mutex.o)
    0x0800400c   0x0800400c   0x00000024   Code   RO         2739    .text.osMutexRelease  RTX_CM4F.lib(rtx_mutex.o)
    0x08004030   0x08004030   0x00000002   Code   RO         1781    .text.osRtxErrorNotify  rtx_config.o
    0x08004032   0x08004032   0x00000002   PAD
    0x08004034   0x08004034   0x00000002   Code   RO         1779    .text.osRtxIdleThread  rtx_config.o
    0x08004036   0x08004036   0x00000004   Code   RO         2457    .text.osRtxKernelErrorNotify  RTX_CM4F.lib(rtx_kernel.o)
    0x0800403a   0x0800403a   0x00000002   Code   RO         2455    .text.osRtxKernelPreInit  RTX_CM4F.lib(rtx_kernel.o)
    0x0800403c   0x0800403c   0x0000006c   Code   RO         2774    .text.osRtxMemoryAlloc  RTX_CM4F.lib(rtx_memory.o)
    0x080040a8   0x080040a8   0x00000042   Code   RO         2776    .text.osRtxMemoryFree  RTX_CM4F.lib(rtx_memory.o)
    0x080040ea   0x080040ea   0x00000036   Code   RO         2772    .text.osRtxMemoryInit  RTX_CM4F.lib(rtx_memory.o)
    0x08004120   0x08004120   0x0000003a   Code   RO         2788    .text.osRtxMemoryPoolAlloc  RTX_CM4F.lib(rtx_mempool.o)
    0x0800415a   0x0800415a   0x0000004a   Code   RO         2790    .text.osRtxMemoryPoolFree  RTX_CM4F.lib(rtx_mempool.o)
    0x080041a4   0x080041a4   0x00000038   Code   RO         2786    .text.osRtxMemoryPoolInit  RTX_CM4F.lib(rtx_mempool.o)
    0x080041dc   0x080041dc   0x000000aa   Code   RO         2870    .text.osRtxMessageQueuePostProcess  RTX_CM4F.lib(rtx_msgqueue.o)
    0x08004286   0x08004286   0x00000002   PAD
    0x08004288   0x08004288   0x00000024   Code   RO         2838    .text.osRtxMessageQueueTimerSetup  RTX_CM4F.lib(rtx_msgqueue.o)
    0x080042ac   0x080042ac   0x00000048   Code   RO         2729    .text.osRtxMutexOwnerRelease  RTX_CM4F.lib(rtx_mutex.o)
    0x080042f4   0x080042f4   0x00000048   Code   RO         2731    .text.osRtxMutexOwnerRestore  RTX_CM4F.lib(rtx_mutex.o)
    0x0800433c   0x0800433c   0x00000088   Code   RO         2902    .text.osRtxPendSV_Handler  RTX_CM4F.lib(rtx_system.o)
    0x080043c4   0x080043c4   0x00000070   Code   RO         2904    .text.osRtxPostProcess  RTX_CM4F.lib(rtx_system.o)
    0x08004434   0x08004434   0x00000034   Code   RO         2545    .text.osRtxThreadBlock  RTX_CM4F.lib(rtx_thread.o)
    0x08004468   0x08004468   0x0000007c   Code   RO         2553    .text.osRtxThreadDelayInsert  RTX_CM4F.lib(rtx_thread.o)
    0x080044e4   0x080044e4   0x0000003c   Code   RO         2549    .text.osRtxThreadDelayRemove  RTX_CM4F.lib(rtx_thread.o)
    0x08004520   0x08004520   0x00000050   Code   RO         2537    .text.osRtxThreadDelayTick  RTX_CM4F.lib(rtx_thread.o)
    0x08004570   0x08004570   0x00000020   Code   RO         2637    .text.osRtxThreadDestroy  RTX_CM4F.lib(rtx_thread.o)
    0x08004590   0x08004590   0x00000050   Code   RO         2543    .text.osRtxThreadDispatch  RTX_CM4F.lib(rtx_thread.o)
    0x080045e0   0x080045e0   0x00000058   Code   RO         2629    .text.osRtxThreadFree  RTX_CM4F.lib(rtx_thread.o)
    0x08004638   0x08004638   0x0000001e   Code   RO         2635    .text.osRtxThreadJoinWakeup  RTX_CM4F.lib(rtx_thread.o)
    0x08004656   0x08004656   0x00000012   Code   RO         2529    .text.osRtxThreadListGet  RTX_CM4F.lib(rtx_thread.o)
    0x08004668   0x08004668   0x0000002c   Code   RO         2527    .text.osRtxThreadListPut  RTX_CM4F.lib(rtx_thread.o)
    0x08004694   0x08004694   0x00000014   Code   RO         2533    .text.osRtxThreadListRemove  RTX_CM4F.lib(rtx_thread.o)
    0x080046a8   0x080046a8   0x00000026   Code   RO         2531    .text.osRtxThreadListSort  RTX_CM4F.lib(rtx_thread.o)
    0x080046ce   0x080046ce   0x00000028   Code   RO         2603    .text.osRtxThreadPostProcess  RTX_CM4F.lib(rtx_thread.o)
    0x080046f6   0x080046f6   0x00000002   PAD
    0x080046f8   0x080046f8   0x00000014   Code   RO         2535    .text.osRtxThreadReadyPut  RTX_CM4F.lib(rtx_thread.o)
    0x0800470c   0x0800470c   0x00000014   Code   RO         2539    .text.osRtxThreadRegPtr  RTX_CM4F.lib(rtx_thread.o)
    0x08004720   0x08004720   0x00000034   Code   RO         2555    .text.osRtxThreadStartup  RTX_CM4F.lib(rtx_thread.o)
    0x08004754   0x08004754   0x0000000c   Code   RO         2541    .text.osRtxThreadSwitch  RTX_CM4F.lib(rtx_thread.o)
    0x08004760   0x08004760   0x0000003c   Code   RO         2551    .text.osRtxThreadWaitEnter  RTX_CM4F.lib(rtx_thread.o)
    0x0800479c   0x0800479c   0x00000030   Code   RO         2547    .text.osRtxThreadWaitExit  RTX_CM4F.lib(rtx_thread.o)
    0x080047cc   0x080047cc   0x00000078   Code   RO         2900    .text.osRtxTick_Handler  RTX_CM4F.lib(rtx_system.o)
    0x08004844   0x08004844   0x00000020   Code   RO         2687    .text.osRtxTimerSetup  RTX_CM4F.lib(rtx_timer.o)
    0x08004864   0x08004864   0x00000020   Code   RO         2691    .text.osRtxTimerThread  RTX_CM4F.lib(rtx_timer.o)
    0x08004884   0x08004884   0x00000070   Code   RO         2689    .text.osRtxTimerTick  RTX_CM4F.lib(rtx_timer.o)
    0x080048f4   0x080048f4   0x0000000c   Code   RO         2587    .text.osThreadExit  RTX_CM4F.lib(rtx_thread.o)
    0x08004900   0x08004900   0x00000024   Code   RO         2559    .text.osThreadNew   RTX_CM4F.lib(rtx_thread.o)
    0x08004924   0x08004924   0x0000007c   Code   RO           30    .text.set_pixel_ram  app_freq_bar.o
    0x080049a0   0x080049a0   0x00000016   Code   RO         2675    .text.svcRtxDelay   RTX_CM4F.lib(rtx_delay.o)
    0x080049b6   0x080049b6   0x00000002   PAD
    0x080049b8   0x080049b8   0x0000000c   Code   RO         2467    .text.svcRtxKernelGetState  RTX_CM4F.lib(rtx_kernel.o)
    0x080049c4   0x080049c4   0x00000100   Code   RO         2497    .text.svcRtxKernelInitialize  RTX_CM4F.lib(rtx_kernel.o)
    0x08004ac4   0x08004ac4   0x0000008c   Code   RO         2499    .text.svcRtxKernelStart  RTX_CM4F.lib(rtx_kernel.o)
    0x08004b50   0x08004b50   0x000000cc   Code   RO         2882    .text.svcRtxMessageQueueGet  RTX_CM4F.lib(rtx_msgqueue.o)
    0x08004c1c   0x08004c1c   0x00000118   Code   RO         2840    .text.svcRtxMessageQueueNew  RTX_CM4F.lib(rtx_msgqueue.o)
    0x08004d34   0x08004d34   0x000000a8   Code   RO         2878    .text.svcRtxMessageQueuePut  RTX_CM4F.lib(rtx_msgqueue.o)
    0x08004ddc   0x08004ddc   0x00000090   Code   RO         2749    .text.svcRtxMutexAcquire  RTX_CM4F.lib(rtx_mutex.o)
    0x08004e6c   0x08004e6c   0x000000ac   Code   RO         2755    .text.svcRtxMutexDelete  RTX_CM4F.lib(rtx_mutex.o)
    0x08004f18   0x08004f18   0x00000068   Code   RO         2745    .text.svcRtxMutexNew  RTX_CM4F.lib(rtx_mutex.o)
    0x08004f80   0x08004f80   0x000000b4   Code   RO         2751    .text.svcRtxMutexRelease  RTX_CM4F.lib(rtx_mutex.o)
    0x08005034   0x08005034   0x0000004c   Code   RO         2633    .text.svcRtxThreadExit  RTX_CM4F.lib(rtx_thread.o)
    0x08005080   0x08005080   0x000001ec   Code   RO         2557    .text.svcRtxThreadNew  RTX_CM4F.lib(rtx_thread.o)
    0x0800526c   0x0800526c   0x0000001a   Code   RO         2986    x$fpl$fpinit        fz_wm.l(fpinit.o)
    0x08005286   0x08005286   0x00000002   PAD
    0x08005288   0x08005288   0x000000a8   Data   RO         1761    .rodata             rtx_lib.o
    0x08005330   0x08005330   0x00000010   Data   RO         2445    .rodata.AHBPrescTable  system_stm32f4xx.o
    0x08005340   0x08005340   0x00000008   Data   RO         2446    .rodata.APBPrescTable  system_stm32f4xx.o
    0x08005348   0x08005348   0x00000030   Data   RO         1818    .rodata.Driver_I2C1  i2c_stm32f4xx.o
    0x08005378   0x08005378   0x00000e10   Data   RO          275    .rodata.armBitRevIndexTable1024  commontables.o
    0x08006188   0x08006188   0x00000010   Data   RO          355    .rodata.arm_cfft_sR_f32_len1024  commontables.o
    0x08006198   0x08006198   0x00000004   Data   RO         1763    .rodata.osRtxUserSVC  rtx_lib.o
    0x0800619c   0x0800619c   0x00000024   Data   RO         1758    .rodata.os_idle_thread_attr  rtx_lib.o
    0x080061c0   0x080061c0   0x00000018   Data   RO         1760    .rodata.os_timer_mq_attr  rtx_lib.o
    0x080061d8   0x080061d8   0x00000024   Data   RO         1759    .rodata.os_timer_thread_attr  rtx_lib.o
    0x080061fc   0x080061fc   0x0000000b   Data   RO         2517    .rodata.str1.4      RTX_CM4F.lib(rtx_kernel.o)
    0x08006207   0x08006207   0x00000001   PAD
    0x08006208   0x08006208   0x00002000   Data   RO          239    .rodata.twiddleCoef_1024  commontables.o
    0x08008208   0x08008208   0x00000020   Data   RO         3292    Region$$Table       anon$$obj.o


    Execution Region RW_IRAM1 (Exec base: 0x20000000, Load base: 0x08008228, Size: 0x00008168, Max: 0x00010000, ABSOLUTE)

    Exec Addr    Load Addr    Size         Type   Attr      Idx    E Section Name        Object

    0x20000000   0x08008228   0x00000008   Data   RW         1917    .data..L_MergedGlobals  stm32f4xx_hal.o
    0x20000008   0x08008230   0x00000004   Data   RW         2444    .data.SystemCoreClock  system_stm32f4xx.o
    0x2000000c   0x08008234   0x000000a4   Data   RW         2518    .data.os            RTX_CM4F.lib(rtx_kernel.o)
    0x200000b0        -       0x00000060   Zero   RW         3149    .bss                c_w.l(libspace.o)
    0x20000110        -       0x00000011   Zero   RW           13    .bss..L_MergedGlobals  oled.o
    0x20000121   0x080082d8   0x00000003   PAD
    0x20000124        -       0x00000050   Zero   RW           44    .bss..L_MergedGlobals  app_freq_bar.o
    0x20000174        -       0x00000030   Zero   RW         1853    .bss..L_MergedGlobals  spi_stm32f4xx.o
    0x200001a4        -       0x00000028   Zero   RW         1819    .bss.I2C1_Info      i2c_stm32f4xx.o
    0x200001cc        -       0x00002000   Zero   RW           43    .bss.X_data         app_freq_bar.o
    0x200021cc        -       0x00001000   Zero   RW           41    .bss.data           app_freq_bar.o
    0x200031cc        -       0x00000401   Zero   RW           40    .bss.lcd_buffer     app_freq_bar.o
    0x200035cd   0x080082d8   0x00000003   PAD
    0x200035d0        -       0x00002040   Zero   RW         1757    .bss.os             rtx_lib.o
    0x20005610        -       0x00000001   Zero   RW         2932    .bss.os             RTX_CM4F.lib(os_systick.o)
    0x20005611   0x080082d8   0x00000003   PAD
    0x20005614        -       0x00000034   Zero   RW         1768    .bss.os.msgqueue.cb  rtx_lib.o
    0x20005648        -       0x00000050   Zero   RW         1769    .bss.os.msgqueue.mem  rtx_lib.o
    0x20005698        -       0x00000088   Zero   RW         1765    .bss.os.thread.cb   rtx_lib.o
    0x20005720        -       0x00000200   Zero   RW         1766    .bss.os.thread.idle.stack  rtx_lib.o
    0x20005920        -       0x00000200   Zero   RW         1767    .bss.os.thread.timer.stack  rtx_lib.o
    0x20005b20        -       0x00000001   Zero   RW         1770    .bss.os_kernel_is_active.os_kernel_active  rtx_lib.o
    0x20005b21   0x080082d8   0x00000003   PAD
    0x20005b24        -       0x00000004   Zero   RW         1916    .bss.uwTick         stm32f4xx_hal.o
    0x20005b28        -       0x00000040   Zero   RW           39    .bss.val_data_fl    app_freq_bar.o
    0x20005b68        -       0x00002000   Zero   RW           42    .bss.x_data         app_freq_bar.o
    0x20007b68        -       0x00000200   Zero   RW         2431    HEAP                startup_stm32f401xc.o
    0x20007d68        -       0x00000400   Zero   RW         2430    STACK               startup_stm32f401xc.o


==============================================================================

Image component sizes


      Code (inc. data)   RO Data    RW Data    ZI Data      Debug   Object Name

      2546         26          0          0      21649      14393   app_freq_bar.o
         0          0      11808          0          0      10723   commontables.o
       274          0          0          0          0      25077   complexmathfunctions.o
      4034         10         48          0         40      16717   i2c_stm32f4xx.o
       276          0          0          0          0       3447   main.o
       608          0          0          0         17       4907   oled.o
         4          0          0          0          0        577   rtx_config.o
       168          0        268          0       9549       8369   rtx_lib.o
       356          0          0          0         48      18140   spi_stm32f4xx.o
        64         26        404          0       1536        904   startup_stm32f401xc.o
       260          0          0          0          0      67764   statisticsfunctions.o
        52          0          0          8          4       7151   stm32f4xx_hal.o
       104          0          0          0          0      10371   stm32f4xx_hal_cortex.o
      1296          0          0          0          0       6030   stm32f4xx_hal_gpio.o
        38          0          0          0          0       7683   stm32f4xx_hal_rcc.o
       142          0         24          4          0       2836   system_stm32f4xx.o
      3972          4          0          0          0     177327   transformfunctions.o

    ----------------------------------------------------------------------
     14230         66      12584         12      32852     382416   Object Totals
         0          0         32          0          0          0   (incl. Generated)
        36          0          0          0          9          0   (incl. Padding)

    ----------------------------------------------------------------------

      Code (inc. data)   RO Data    RW Data    ZI Data      Debug   Library Member Name

       200         12          0          0          0        634   irq_armv7m.o
       114         20          0          0          1       3199   os_systick.o
        58          4          0          0          0       2797   rtx_delay.o
       560         48         11        164          0      16781   rtx_kernel.o
       228          0          0          0          0       2590   rtx_memory.o
       188          0          0          0          0      16188   rtx_mempool.o
      1296         24          0          0          0      18765   rtx_msgqueue.o
       888         28          0          0          0      10068   rtx_mutex.o
       368         18          0          0          0       5444   rtx_system.o
      1634         48          0          0          0      32486   rtx_thread.o
       248         16          0          0          0      10433   rtx_timer.o
         8          0          0          0          0         68   __main.o
         0          0          0          0          0          0   __rtentry.o
        20          0          0          0          0          0   __rtentry2.o
         6          0          0          0          0          0   __rtentry4.o
        52          8          0          0          0          0   __scatter.o
        26          0          0          0          0          0   __scatter_copy.o
        28          0          0          0          0          0   __scatter_zi.o
        18          0          0          0          0         80   exit.o
         6          0          0          0          0        152   heapauxi.o
         0          0          0          0          0          0   indicate_semi.o
         2          0          0          0          0          0   libinit.o
         6          0          0          0          0          0   libinit2.o
         2          0          0          0          0          0   libshutdown.o
         2          0          0          0          0          0   libshutdown2.o
         8          4          0          0         96         68   libspace.o
        68          0          0          0          0         68   rt_memclr.o
        78          0          0          0          0         80   rt_memclr_w.o
       138          0          0          0          0         68   rt_memcpy_v6.o
       100          0          0          0          0         80   rt_memcpy_w.o
         2          0          0          0          0          0   rtexit.o
        10          0          0          0          0          0   rtexit2.o
        12          4          0          0          0         68   sys_exit.o
        74          0          0          0          0         80   sys_stackheap_outer.o
         2          0          0          0          0         68   use_no_semi.o
        26          0          0          0          0        116   fpinit.o

    ----------------------------------------------------------------------
      6494        234         12        164        100     120381   Library Totals
        18          0          1          0          3          0   (incl. Padding)

    ----------------------------------------------------------------------

      Code (inc. data)   RO Data    RW Data    ZI Data      Debug   Library Name

      5782        218         11        164          1     119385   RTX_CM4F.lib
       668         16          0          0         96        880   c_w.l
        26          0          0          0          0        116   fz_wm.l

    ----------------------------------------------------------------------
      6494        234         12        164        100     120381   Library Totals

    ----------------------------------------------------------------------

==============================================================================


      Code (inc. data)   RO Data    RW Data    ZI Data      Debug   

     20724        300      12596        176      32952     501953   Grand Totals
     20724        300      12596        176      32952     501953   ELF Image Totals
     20724        300      12596        176          0          0   ROM Totals

==============================================================================

    Total RO  Size (Code + RO Data)                33320 (  32.54kB)
    Total RW  Size (RW Data + ZI Data)             33128 (  32.35kB)
    Total ROM Size (Code + RO Data + RW Data)      33496 (  32.71kB)

==============================================================================

